
HList.hs:18:11: Warning:
    Rule "repH ++" may never fire because ‛repH’ might inline first
    Probable fix: add an INLINE[n] or NOINLINE[n] pragma on ‛repH’

HList.hs:19:11: Warning:
    Rule "repH []" may never fire because ‛repH’ might inline first
    Probable fix: add an INLINE[n] or NOINLINE[n] pragma on ‛repH’

HList.hs:20:11: Warning:
    Rule "repH (:)" may never fire because ‛repH’ might inline first
    Probable fix: add an INLINE[n] or NOINLINE[n] pragma on ‛repH’

HList.hs:28:11: Warning:
    Rule ". id" may never fire because ‛.’ might inline first
    Probable fix: add an INLINE[n] or NOINLINE[n] pragma on ‛.’

HList.hs:29:11: Warning:
    Rule "id ." may never fire because ‛.’ might inline first
    Probable fix: add an INLINE[n] or NOINLINE[n] pragma on ‛.’

HList.hs:33:11: Warning:
    Rule "rep-abs-fusion" may never fire
      because ‛repH’ might inline first
    Probable fix: add an INLINE[n] or NOINLINE[n] pragma on ‛repH’
[0m[1;34mrec[0m [0m[mqsort[0m [0m[31m[0m[31m∷[0m[31m[0m [0m[31m[0m[31m∀[0m[31m[0m [0m[32ma[0m [0m[31m.[0m [0m[32mOrd[0m [0m[32ma[0m [0m[32m[0m[32m→[0m[32m[0m [0m[32m[[0m[0m[32ma[0m[0m[32m][0m [0m[32m[0m[32m→[0m[32m[0m [0m[32m[[0m[0m[32ma[0m[0m[32m][0m
    [0m[mqsort[0m [0m[31m=[0m [0m[31m[0m[31mλ[0m[31m[0m [0m[32ma[0m [0m[m$dOrd[0m [0m[mds[0m [0m[31m[0m[31m→[0m[31m[0m
      [0m[1;34mlet[0m [0m[1;34mrec[0m [0m[mwork[0m [0m[31m[0m[31m∷[0m[31m[0m [0m[32m[[0m[0m[32ma[0m[0m[32m][0m [0m[32m[0m[32m→[0m[32m[0m [0m[32mH[0m [0m[32ma[0m
              [0m[mwork[0m [0m[31m=[0m [0m[31m[0m[31mλ[0m[31m[0m [0m[mx[0m [0m[31m[0m[31m→[0m[31m[0m
                [0m[1;34mcase[0m [0m[mx[0m [0m[1;34mof[0m [0m[mwild[0m
                  [0m[m[][0m [0m[31m[0m[31m→[0m[31m[0m [0m[mid[0m [0m[32m[[0m[0m[32ma[0m[0m[32m][0m
                  [0m[31m([0m[0m[m:[0m[0m[31m)[0m [0m[ma[0m [0m[mas[0m [0m[31m[0m[31m→[0m[31m[0m
                    [0m[1;34mcase[0m [0m[mpartition[0m [0m[32ma[0m [0m[31m([0m[0m[31m[0m[31mλ[0m[31m[0m [0m[mds[0m [0m[31m[0m[31m→[0m[31m[0m [0m[31m([0m[0m[m<[0m[0m[31m)[0m [0m[32ma[0m [0m[m$dOrd[0m [0m[mds[0m [0m[ma[0m[0m[31m)[0m [0m[mas[0m [0m[1;34mof[0m [0m[mwild0[0m
                      [0m[m(,)[0m [0m[mbs0[0m [0m[mcs0[0m [0m[31m[0m[31m→[0m[31m[0m
                        [0m[31m([0m[0m[m.[0m[0m[31m)[0m [0m[32m[[0m[0m[32ma[0m[0m[32m][0m [0m[32m[[0m[0m[32ma[0m[0m[32m][0m [0m[32m[[0m[0m[32ma[0m[0m[32m][0m
                          [0m[31m([0m[0m[mwork[0m [0m[mbs0[0m[0m[31m)[0m [0m[31m([0m[0m[31m([0m[0m[m.[0m[0m[31m)[0m [0m[32m[[0m[0m[32ma[0m[0m[32m][0m [0m[32m[[0m[0m[32ma[0m[0m[32m][0m [0m[32m[[0m[0m[32ma[0m[0m[32m][0m [0m[31m([0m[0m[31m([0m[0m[m:[0m[0m[31m)[0m [0m[32ma[0m [0m[ma[0m[0m[31m)[0m [0m[31m([0m[0m[mwork[0m [0m[mcs0[0m[0m[31m)[0m[0m[31m)[0m
      [0m[1;34min[0m [0m[mwork[0m [0m[mds[0m [0m[31m([0m[0m[m[][0m [0m[32ma[0m[0m[31m)[0m
    [0m[munwrap[0m [0m[31m[0m[31m∷[0m[31m[0m [0m[31m[0m[31m∀[0m[31m[0m [0m[32ma[0m [0m[31m.[0m [0m[31m([0m[0m[32m[[0m[0m[32ma[0m[0m[32m][0m [0m[32m[0m[32m→[0m[32m[0m [0m[32m[[0m[0m[32ma[0m[0m[32m][0m[0m[31m)[0m [0m[32m[0m[32m→[0m[32m[0m [0m[32m[[0m[0m[32ma[0m[0m[32m][0m [0m[32m[0m[32m→[0m[32m[0m [0m[32mH[0m [0m[32ma[0m
    [0m[munwrap[0m [0m[31m=[0m [0m[31m[0m[31mλ[0m[31m[0m [0m[32ma[0m [0m[mf[0m [0m[31m[0m[31m→[0m[31m[0m [0m[31m([0m[0m[m.[0m[0m[31m)[0m [0m[32m[[0m[0m[32ma[0m[0m[32m][0m [0m[31m([0m[0m[32mH[0m [0m[32ma[0m[0m[31m)[0m [0m[32m[[0m[0m[32ma[0m[0m[32m][0m [0m[31m([0m[0m[mrepH[0m [0m[32ma[0m[0m[31m)[0m [0m[mf[0m
    [0m[mwrap[0m [0m[31m[0m[31m∷[0m[31m[0m [0m[31m[0m[31m∀[0m[31m[0m [0m[32ma[0m [0m[31m.[0m [0m[31m([0m[0m[32m[[0m[0m[32ma[0m[0m[32m][0m [0m[32m[0m[32m→[0m[32m[0m [0m[32mH[0m [0m[32ma[0m[0m[31m)[0m [0m[32m[0m[32m→[0m[32m[0m [0m[32m[[0m[0m[32ma[0m[0m[32m][0m [0m[32m[0m[32m→[0m[32m[0m [0m[32m[[0m[0m[32ma[0m[0m[32m][0m
    [0m[mwrap[0m [0m[31m=[0m [0m[31m[0m[31mλ[0m[31m[0m [0m[32ma[0m [0m[mg[0m [0m[31m[0m[31m→[0m[31m[0m [0m[31m([0m[0m[m.[0m[0m[31m)[0m [0m[31m([0m[0m[32mH[0m [0m[32ma[0m[0m[31m)[0m [0m[32m[[0m[0m[32ma[0m[0m[32m][0m [0m[32m[[0m[0m[32ma[0m[0m[32m][0m [0m[31m([0m[0m[mabsH[0m [0m[32ma[0m[0m[31m)[0m [0m[mg[0m
    [0m[m$dShow[0m [0m[31m[0m[31m∷[0m[31m[0m [0m[32mShow[0m [0m[32m[[0m[0m[32mInteger[0m[0m[32m][0m
    [0m[m$dShow[0m [0m[31m=[0m [0m[m$fShow[][0m [0m[32mInteger[0m [0m[m$fShowInteger[0m
    [0m[mmain[0m [0m[31m[0m[31m∷[0m[31m[0m [0m[32mIO[0m [0m[32m()[0m
    [0m[mmain[0m [0m[31m=[0m
      [0m[mprint[0m [0m[32m[[0m[0m[32mInteger[0m[0m[32m][0m [0m[m$dShow[0m
        [0m[31m([0m[0m[mqsort[0m
           [0m[32mInteger[0m
           [0m[m$fOrdInteger[0m
           [0m[31m([0m[0m[31m([0m[0m[m:[0m[0m[31m)[0m
              [0m[32mInteger[0m
              (__integer 8)
              [0m[31m([0m[0m[31m([0m[0m[m:[0m[0m[31m)[0m
                 [0m[32mInteger[0m
                 (__integer 3)
                 [0m[31m([0m[0m[31m([0m[0m[m:[0m[0m[31m)[0m
                    [0m[32mInteger[0m
                    (__integer 5)
                    [0m[31m([0m[0m[31m([0m[0m[m:[0m[0m[31m)[0m
                       [0m[32mInteger[0m
                       (__integer 7)
                       [0m[31m([0m[0m[31m([0m[0m[m:[0m[0m[31m)[0m
                          [0m[32mInteger[0m
                          (__integer 2)
                          [0m[31m([0m[0m[31m([0m[0m[m:[0m[0m[31m)[0m
                             [0m[32mInteger[0m
                             (__integer 9)
                             [0m[31m([0m[0m[31m([0m[0m[m:[0m[0m[31m)[0m
                                [0m[32mInteger[0m
                                (__integer 4)
                                [0m[31m([0m[0m[31m([0m[0m[m:[0m[0m[31m)[0m
                                   [0m[32mInteger[0m
                                   (__integer 6)
                                   [0m[31m([0m[0m[31m([0m[0m[m:[0m[0m[31m)[0m
                                      [0m[32mInteger[0m
                                      (__integer 3)
                                      [0m[31m([0m[0m[31m([0m[0m[m:[0m[0m[31m)[0m
                                         [0m[32mInteger[0m
                                         (__integer 2)
                                         [0m[31m([0m[0m[m[][0m [0m[32mInteger[0m[0m[31m)[0m[0m[31m)[0m[0m[31m)[0m[0m[31m)[0m[0m[31m)[0m[0m[31m)[0m[0m[31m)[0m[0m[31m)[0m[0m[31m)[0m[0m[31m)[0m[0m[31m)[0m[0m[31m)[0m
    [0m[mmain[0m [0m[31m[0m[31m∷[0m[31m[0m [0m[32mIO[0m [0m[32m()[0m
    [0m[mmain[0m [0m[31m=[0m [0m[mrunMainIO[0m [0m[32m()[0m [0m[mmain[0m
