
HList.hs:22:11: Warning:
    Rule "repH ++" may never fire because ‘repH’ might inline first
    Probable fix: add an INLINE[n] or NOINLINE[n] pragma on ‘repH’

HList.hs:23:11: Warning:
    Rule "repH []" may never fire because ‘repH’ might inline first
    Probable fix: add an INLINE[n] or NOINLINE[n] pragma on ‘repH’

HList.hs:24:11: Warning:
    Rule "repH (:)" may never fire because ‘repH’ might inline first
    Probable fix: add an INLINE[n] or NOINLINE[n] pragma on ‘repH’
===================== Welcome to HERMIT ======================
HERMIT is a toolkit for the interactive transformation of GHC
core language programs. Documentation on HERMIT can be found
on the HERMIT web page at:
http://www.ittc.ku.edu/csdl/fpg/software/hermit.html

You have just loaded the interactive shell. To exit, type 
"abort" or "resume" to abort or resume GHC compilation.

Type "help" for instructions on how to list or search the
available HERMIT commands.

To get started, you could try the following:
  - type "binding-of 'foo", where "foo" is a function
    defined in the module;
  - type "set-pp-type Show" to display full type information;
  - type "info" for more information about the current node;
  - to descend into a child node, type the name of the child
    ("info" includes a list of children of the current node);
  - to ascend, use the "up" command;
  - type "log" to display an activity log.
==============================================================

[0m[1;34mrec[22m[0m[0m [0m[mqsort[0m[0m [0m[32m[32m∷[32m[0m[0m [0m[31m[31m∀[31m[0m[0m [0m[32ma[0m[0m [0m[31m.[0m[0m [0m[32mOrd[0m[0m [0m[0m[32ma[0m[0m[0m [0m[32m[32m→[32m[0m[0m [0m[32m[[0m[0m[0m[0m[32ma[0m[0m[0m[0m[32m][0m[0m [0m[32m[32m→[32m[0m[0m [0m[32m[[0m[0m[0m[0m[32ma[0m[0m[0m[0m[32m][0m[0m
    [0m[mqsort[0m[0m [0m[31m=[0m[0m [0m[31m[31mλ[31m[0m[0m [0m[32ma[0m[0m [0m[m$dOrd[0m[0m [0m[31m[31m→[31m[0m[0m
      [0m[1;34mlet[22m[0m[0m [0m[1;34mrec[22m[0m[0m [0m[mwork[0m[0m [0m[32m[32m∷[32m[0m[0m [0m[32m[[0m[0m[0m[0m[32ma[0m[0m[0m[0m[32m][0m[0m [0m[32m[32m→[32m[0m[0m [0m[32m[[0m[0m[0m[0m[32ma[0m[0m[0m[0m[32m][0m[0m [0m[32m[32m→[32m[0m[0m [0m[32m[[0m[0m[0m[0m[32ma[0m[0m[0m[0m[32m][0m[0m
              [0m[mwork[0m[0m [0m[31m=[0m[0m [0m[31m[31mλ[31m[0m[0m [0m[mx1[0m[0m [0m[macc[0m[0m [0m[31m[31m→[31m[0m[0m
                [0m[1;34mcase[22m[0m[0m [0m[0m[mx1[0m[0m[0m [0m[1;34mof[22m[0m[0m [0m[mwild[0m[0m [0m[32m[[0m[0m[0m[0m[32ma[0m[0m[0m[0m[32m][0m[0m
                  [0m[m[][0m[0m [0m[31m[31m→[31m[0m[0m [0m[0m[macc[0m[0m[0m
                  [0m[31m([0m[0m[0m[m:[0m[0m[0m[31m)[0m[0m [0m[ma[0m[0m [0m[mas[0m[0m [0m[31m[31m→[31m[0m[0m
                    [0m[1;34mlet[22m[0m[0m [0m[mds[0m[0m [0m[32m[32m∷[32m[0m[0m [0m[32m([0m[0m[0m[32m[[0m[0m[0m[0m[32ma[0m[0m[0m[0m[32m][0m[0m[0m[32m,[0m[0m [0m[32m[[0m[0m[0m[0m[32ma[0m[0m[0m[0m[32m][0m[0m[0m[32m)[0m[0m
                        [0m[mds[0m[0m [0m[31m=[0m[0m [0m[mpartition[0m[0m [0m[0m[32ma[0m[0m[0m [0m[31m([0m[0m[0m[31m[31mλ[31m[0m[0m [0m[mds[0m[0m [0m[31m[31m→[31m[0m[0m [0m[31m([0m[0m[0m[m<[0m[0m[0m[31m)[0m[0m [0m[0m[32ma[0m[0m[0m [0m[0m[m$dOrd[0m[0m[0m [0m[0m[mds[0m[0m[0m [0m[0m[ma[0m[0m[0m[0m[31m)[0m[0m [0m[0m[mas[0m[0m[0m
                    [0m[1;34min[22m[0m[0m [0m[1;34mcase[22m[0m[0m [0m[0m[mds[0m[0m[0m [0m[1;34mof[22m[0m[0m [0m[mwild[0m[0m [0m[32m[[0m[0m[0m[0m[32ma[0m[0m[0m[0m[32m][0m[0m
                         [0m[m(,)[0m[0m [0m[mbs[0m[0m [0m[mcs[0m[0m [0m[31m[31m→[31m[0m[0m
                           [0m[0m[mwork[0m[0m[0m [0m[0m[mbs[0m[0m[0m
                                [0m[31m([0m[0m[0m[31m([0m[0m[0m[m:[0m[0m[0m[31m)[0m[0m [0m[0m[32ma[0m[0m[0m [0m[0m[ma[0m[0m[0m
                                     [0m[31m([0m[0m[0m[1;34mcase[22m[0m[0m [0m[0m[mds[0m[0m[0m [0m[1;34mof[22m[0m[0m [0m[mwild[0m[0m [0m[32m[[0m[0m[0m[0m[32ma[0m[0m[0m[0m[32m][0m[0m
                                        [0m[m(,)[0m[0m [0m[mbs[0m[0m [0m[mcs[0m[0m [0m[31m[31m→[31m[0m[0m [0m[0m[mwork[0m[0m[0m [0m[0m[mcs[0m[0m[0m [0m[0m[macc[0m[0m[0m[0m[31m)[0m[0m[0m[31m)[0m[0m
      [0m[1;34min[22m[0m[0m [0m[31m[31mλ[31m[0m[0m [0m[mx0[0m[0m [0m[31m[31m→[31m[0m[0m [0m[0m[mwork[0m[0m[0m [0m[0m[mx0[0m[0m[0m [0m[31m([0m[0m[0m[m[][0m[0m [0m[0m[32ma[0m[0m[0m[0m[31m)[0m[0m
[0m[m$dShow[0m[0m [0m[32m[32m∷[32m[0m[0m [0m[32mShow[0m[0m [0m[32m[[0m[0m[0m[32mInteger[0m[0m[0m[32m][0m[0m
[0m[m$dShow[0m[0m [0m[31m=[0m[0m [0m[m$fShow[][0m[0m [0m[32mInteger[0m[0m [0m[m$fShowInteger[0m[0m
[0m[mmain[0m[0m [0m[32m[32m∷[32m[0m[0m [0m[32mIO[0m[0m [0m[32m([0m[0m[0m[32m)[0m[0m
[0m[mmain[0m[0m [0m[31m=[0m[0m
  [0m[mprint[0m[0m [0m[32m[[0m[0m[0m[32mInteger[0m[0m[0m[32m][0m[0m [0m[0m[m$dShow[0m[0m[0m
        [0m[31m([0m[0m[0m[0m[mqsort[0m[0m[0m [0m[32mInteger[0m[0m [0m[m$fOrdInteger[0m[0m
               [0m[31m([0m[0m[0m[31m([0m[0m[0m[m:[0m[0m[0m[31m)[0m[0m [0m[32mInteger[0m[0m [0m[31m([0m[0m[0m__integer 8[0m[0m[31m)[0m[0m
                    [0m[31m([0m[0m[0m[31m([0m[0m[0m[m:[0m[0m[0m[31m)[0m[0m [0m[32mInteger[0m[0m [0m[31m([0m[0m[0m__integer 3[0m[0m[31m)[0m[0m
                         [0m[31m([0m[0m[0m[31m([0m[0m[0m[m:[0m[0m[0m[31m)[0m[0m [0m[32mInteger[0m[0m [0m[31m([0m[0m[0m__integer 5[0m[0m[31m)[0m[0m
                              [0m[31m([0m[0m[0m[31m([0m[0m[0m[m:[0m[0m[0m[31m)[0m[0m [0m[32mInteger[0m[0m [0m[31m([0m[0m[0m__integer 7[0m[0m[31m)[0m[0m
                                   [0m[31m([0m[0m[0m[31m([0m[0m[0m[m:[0m[0m[0m[31m)[0m[0m [0m[32mInteger[0m[0m [0m[31m([0m[0m[0m__integer 2[0m[0m[31m)[0m[0m
                                        [0m[31m([0m[0m[0m[31m([0m[0m[0m[m:[0m[0m[0m[31m)[0m[0m [0m[32mInteger[0m[0m [0m[31m([0m[0m[0m__integer 9[0m[0m[31m)[0m[0m
                                             [0m[31m([0m[0m[0m[31m([0m[0m[0m[m:[0m[0m[0m[31m)[0m[0m [0m[32mInteger[0m[0m [0m[31m([0m[0m[0m__integer 4[0m[0m[31m)[0m[0m
                                                  [0m[31m([0m[0m[0m[31m([0m[0m[0m[m:[0m[0m[0m[31m)[0m[0m [0m[32mInteger[0m[0m [0m[31m([0m[0m[0m__integer 6[0m[0m[31m)[0m[0m
                                                       [0m[31m([0m[0m[0m[31m([0m[0m[0m[m:[0m[0m[0m[31m)[0m[0m [0m[32mInteger[0m[0m
                                                            [0m[31m([0m[0m[0m__integer 3[0m[0m[31m)[0m[0m
                                                            [0m[31m([0m[0m[0m[31m([0m[0m[0m[m:[0m[0m[0m[31m)[0m[0m [0m[32mInteger[0m[0m
                                                                 [0m[31m([0m[0m[0m__integer 2[0m[0m[31m)[0m[0m
                                                                 [0m[31m([0m[0m[0m[m[][0m[0m [0m[32mInteger[0m[0m[0m[31m)[0m[0m[0m[31m)[0m[0m[0m[31m)[0m[0m[0m[31m)[0m[0m[0m[31m)[0m[0m[0m[31m)[0m[0m[0m[31m)[0m[0m[0m[31m)[0m[0m[0m[31m)[0m[0m[0m[31m)[0m[0m[0m[31m)[0m[0m[0m[31m)[0m[0m
[0m[mmain[0m[0m [0m[32m[32m∷[32m[0m[0m [0m[32mIO[0m[0m [0m[32m([0m[0m[0m[32m)[0m[0m
[0m[mmain[0m[0m [0m[31m=[0m[0m [0m[mrunMainIO[0m[0m [0m[32m([0m[0m[0m[32m)[0m[0m [0m[0m[mmain[0m[0m[0m[0m
++ [] (Not Proven)
  [0m[31m[31m∀[31m[0m[0m [0m[32ma[0m[0m [0m[mxs[0m[0m[0m[31m.[0m[0m [0m[31m([0m[0m[0m[m++[0m[0m[0m[31m)[0m[0m [0m[0m[32ma[0m[0m[0m [0m[0m[mxs[0m[0m[0m [0m[31m([0m[0m[0m[m[][0m[0m [0m[0m[32ma[0m[0m[0m[0m[31m)[0m[0m [31m=[0m [0m[0m[mxs[0m[0m[0m
++ strict (Not Proven)
  [0m[31m[31m∀[31m[0m[0m [0m[32ma[0m[0m[0m[31m.[0m[0m [0m[31m([0m[0m[0m[m++[0m[0m[0m[31m)[0m[0m [0m[0m[32ma[0m[0m[0m [0m[31m([0m[0m[0m[mundefined[0m[0m [0m[32m[[0m[0m[0m[0m[32ma[0m[0m[0m[0m[32m][0m[0m[0m[31m)[0m[0m [31m=[0m [0m[mundefined[0m[0m [0m[31m([0m[0m[0m[32m[[0m[0m[0m[0m[32ma[0m[0m[0m[0m[32m][0m[0m [0m[32m[32m→[32m[0m[0m [0m[32m[[0m[0m[0m[0m[32ma[0m[0m[0m[0m[32m][0m[0m[0m[31m)[0m[0m
recursive-definition-of-work-for-use-by-ww-fusion (Proven)
  [0m[7;93mwork[27m[0m[0m [31m=[0m [0m[31m[31mλ[31m[0m[0m [0m[mx1[0m[0m [0m[31m[31m→[31m[0m[0m [0m[mrepH[0m[0m [0m[32ma[0m[0m [0m[31m([0m[0m[0m[7;93mf[27m[0m[0m [0m[31m([0m[0m[0m[31m[31mλ[31m[0m[0m [0m[mx2[0m[0m [0m[31m[31m→[31m[0m[0m [0m[mabsH[0m[0m [0m[32ma[0m[0m [0m[31m([0m[0m[0m[7;93mwork[27m[0m[0m [0m[0m[mx2[0m[0m[0m[0m[31m)[0m[0m[0m[31m)[0m[0m [0m[0m[mx1[0m[0m[0m[0m[31m)[0m[0m
repH (:) (Not Proven)
  [0m[31m[31m∀[31m[0m[0m [0m[32ma[0m[0m [0m[mx[0m[0m [0m[mxs[0m[0m[0m[31m.[0m[0m
  [0m[mrepH[0m[0m [0m[0m[32ma[0m[0m[0m [0m[31m([0m[0m[0m[31m([0m[0m[0m[m:[0m[0m[0m[31m)[0m[0m [0m[0m[32ma[0m[0m[0m [0m[0m[mx[0m[0m[0m [0m[0m[mxs[0m[0m[0m[0m[31m)[0m[0m [31m=[0m [0m[31m([0m[0m[0m[m.[0m[0m[0m[31m)[0m[0m [0m[32m[[0m[0m[0m[0m[32ma[0m[0m[0m[0m[32m][0m[0m [0m[32m[[0m[0m[0m[0m[32ma[0m[0m[0m[0m[32m][0m[0m [0m[32m[[0m[0m[0m[0m[32ma[0m[0m[0m[0m[32m][0m[0m [0m[31m([0m[0m[0m[31m([0m[0m[0m[m:[0m[0m[0m[31m)[0m[0m [0m[0m[32ma[0m[0m[0m [0m[0m[mx[0m[0m[0m[0m[31m)[0m[0m [0m[31m([0m[0m[0m[mrepH[0m[0m [0m[0m[32ma[0m[0m[0m [0m[0m[mxs[0m[0m[0m[0m[31m)[0m[0m
repH ++ (Not Proven)
  [0m[31m[31m∀[31m[0m[0m [0m[32ma[0m[0m [0m[mxs[0m[0m [0m[mys[0m[0m[0m[31m.[0m[0m
  [0m[mrepH[0m[0m [0m[0m[32ma[0m[0m[0m [0m[31m([0m[0m[0m[31m([0m[0m[0m[m++[0m[0m[0m[31m)[0m[0m [0m[0m[32ma[0m[0m[0m [0m[0m[mxs[0m[0m[0m [0m[0m[mys[0m[0m[0m[0m[31m)[0m[0m [31m=[0m [0m[31m([0m[0m[0m[m.[0m[0m[0m[31m)[0m[0m [0m[32m[[0m[0m[0m[0m[32ma[0m[0m[0m[0m[32m][0m[0m [0m[32m[[0m[0m[0m[0m[32ma[0m[0m[0m[0m[32m][0m[0m [0m[32m[[0m[0m[0m[0m[32ma[0m[0m[0m[0m[32m][0m[0m [0m[31m([0m[0m[0m[mrepH[0m[0m [0m[0m[32ma[0m[0m[0m [0m[0m[mxs[0m[0m[0m[0m[31m)[0m[0m [0m[31m([0m[0m[0m[mrepH[0m[0m [0m[0m[32ma[0m[0m[0m [0m[0m[mys[0m[0m[0m[0m[31m)[0m[0m
repH [] (Not Proven)
  [0m[31m[31m∀[31m[0m[0m [0m[32ma[0m[0m[0m[31m.[0m[0m [0m[mrepH[0m[0m [0m[0m[32ma[0m[0m[0m [0m[31m([0m[0m[0m[m[][0m[0m [0m[0m[32ma[0m[0m[0m[0m[31m)[0m[0m [31m=[0m [0m[mid[0m[0m [0m[32m[[0m[0m[0m[0m[32ma[0m[0m[0m[0m[32m][0m[0m[0m
