[0m[1;34mrec[0m [0m[31m([0m[0m[m*[0m[0m[31m)[0m [0m[31m=[0m [0m[31m[0m[31mλ[0m[31m[0m [0m[mds[0m [0m[mds[0m [0m[31m[0m[31m→[0m[31m[0m
      [0m[1;34mcase[0m [0m[mds[0m [0m[1;34mof[0m [0m[mwild[0m
        [0m[mI#[0m [0m[mx[0m [0m[31m[0m[31m→[0m[31m[0m
          [0m[1;34mcase[0m [0m[mds[0m [0m[1;34mof[0m [0m[mwild[0m
            [0m[mI#[0m [0m[my[0m [0m[31m[0m[31m→[0m[31m[0m [0m[mI#[0m [0m[31m([0m[0m[31m([0m[0m[m*#[0m[0m[31m)[0m [0m[mx[0m [0m[my[0m[0m[31m)[0m
    [0m[31m([0m[0m[m-[0m[0m[31m)[0m [0m[31m=[0m [0m[31m[0m[31mλ[0m[31m[0m [0m[mds[0m [0m[mds[0m [0m[31m[0m[31m→[0m[31m[0m
      [0m[1;34mcase[0m [0m[mds[0m [0m[1;34mof[0m [0m[mwild[0m
        [0m[mI#[0m [0m[mx[0m [0m[31m[0m[31m→[0m[31m[0m
          [0m[1;34mcase[0m [0m[mds[0m [0m[1;34mof[0m [0m[mwild[0m
            [0m[mI#[0m [0m[my[0m [0m[31m[0m[31m→[0m[31m[0m [0m[mI#[0m [0m[31m([0m[0m[31m([0m[0m[m-#[0m[0m[31m)[0m [0m[mx[0m [0m[my[0m[0m[31m)[0m
    [0m[mfac[0m [0m[31m=[0m
      [0m[1;34mlet[0m [0m[1;34mrec[0m [0m[mwork[0m [0m[31m=[0m [0m[31m[0m[31mλ[0m[31m[0m [0m[mx[0m [0m[31m[0m[31m→[0m[31m[0m
                [0m[1;34mcase[0m [0m[mx[0m [0m[1;34mof[0m [0m[mds[0m
                  [0m[31m_[0m [0m[31m[0m[31m→[0m[31m[0m [0m[1;34mcase[0m [0m[mwork[0m [0m[31m([0m[0m[31m([0m[0m[m-#[0m[0m[31m)[0m [0m[mx[0m 1[0m[31m)[0m [0m[1;34mof[0m [0m[mwild[0m
                        [0m[31m_[0m [0m[31m[0m[31m→[0m[31m[0m [0m[31m([0m[0m[m*#[0m[0m[31m)[0m [0m[mx[0m [0m[mwild[0m
                  0 [0m[31m[0m[31m→[0m[31m[0m 1
      [0m[1;34min[0m [0m[31m[0m[31mλ[0m[31m[0m [0m[mn[0m [0m[31m[0m[31m→[0m[31m[0m
           [0m[1;34mcase[0m [0m[mn[0m [0m[1;34mof[0m [0m[mwild[0m
             [0m[mI#[0m [0m[mx[0m [0m[31m[0m[31m→[0m[31m[0m
               [0m[1;34mcase[0m [0m[mwork[0m [0m[mx[0m [0m[1;34mof[0m [0m[mwild[0m
                 [0m[31m_[0m [0m[31m[0m[31m→[0m[31m[0m [0m[mI#[0m [0m[mwild[0m
    [0m[munwrap[0m [0m[31m=[0m [0m[31m[0m[31mλ[0m[31m[0m [0m[mh[0m [0m[mx[0m [0m[31m[0m[31m→[0m[31m[0m
      [0m[1;34mcase[0m [0m[mh[0m [0m[31m([0m[0m[mI#[0m [0m[mx[0m[0m[31m)[0m [0m[1;34mof[0m [0m[mwild[0m
        [0m[mI#[0m [0m[my[0m [0m[31m[0m[31m→[0m[31m[0m [0m[my[0m
    [0m[mwrap[0m [0m[31m=[0m [0m[31m[0m[31mλ[0m[31m[0m [0m[mh[0m [0m[mds[0m [0m[31m[0m[31m→[0m[31m[0m
      [0m[1;34mcase[0m [0m[mds[0m [0m[1;34mof[0m [0m[mwild[0m
        [0m[mI#[0m [0m[mx[0m [0m[31m[0m[31m→[0m[31m[0m
          [0m[1;34mcase[0m [0m[mh[0m [0m[mx[0m [0m[1;34mof[0m [0m[mwild[0m
            [0m[31m_[0m [0m[31m[0m[31m→[0m[31m[0m [0m[mI#[0m [0m[mwild[0m
    [0m[mmain[0m [0m[31m=[0m [0m[mprint[0m [0m[32m[0m[32m▲[0m[32m[0m [0m[m$fShowInt[0m [0m[31m([0m[0m[mfac[0m [0m[31m([0m[0m[mI#[0m 10[0m[31m)[0m[0m[31m)[0m
    [0m[mmain[0m [0m[31m=[0m [0m[mrunMainIO[0m [0m[32m[0m[32m▲[0m[32m[0m [0m[mmain[0m
