[0m[1;34mrec[0m [0m[31m([0m[0m[m+[0m[0m[31m)[0m [0m[31m=[0m [0m[31m[0m[31mλ[0m[31m[0m [0m[mds[0m [0m[mn[0m [0m[31m[0m[31m→[0m[31m[0m
      [0m[1;34mcase[0m [0m[mds[0m [0m[1;34mof[0m [0m[mwild[0m
        [0m[mZ[0m [0m[31m[0m[31m→[0m[31m[0m [0m[mn[0m
        [0m[mS[0m [0m[mn'[0m [0m[31m[0m[31m→[0m[31m[0m [0m[mS[0m [0m[31m([0m[0m[31m([0m[0m[m+[0m[0m[31m)[0m [0m[mn'[0m [0m[mn[0m[0m[31m)[0m
    [0m[mfib[0m [0m[31m=[0m
      [0m[1;34mlet[0m [0m[1;34mrec[0m [0m[mwork[0m [0m[31m=[0m [0m[31m[0m[31mλ[0m[31m[0m [0m[mn[0m [0m[31m[0m[31m→[0m[31m[0m
                [0m[1;34mcase[0m [0m[mn[0m [0m[1;34mof[0m [0m[mn[0m
                  [0m[mZ[0m [0m[31m[0m[31m→[0m[31m[0m [0m[m(,)[0m [0m[32m[0m[32m▲[0m[32m[0m [0m[32m[0m[32m▲[0m[32m[0m [0m[mZ[0m [0m[31m([0m[0m[mS[0m [0m[mZ[0m[0m[31m)[0m
                  [0m[mS[0m [0m[ma[0m [0m[31m[0m[31m→[0m[31m[0m
                    [0m[1;34mcase[0m [0m[mwork[0m [0m[ma[0m [0m[1;34mof[0m [0m[mxy[0m
                      [0m[m(,)[0m [0m[mx[0m [0m[my[0m [0m[31m[0m[31m→[0m[31m[0m [0m[m(,)[0m [0m[32m[0m[32m▲[0m[32m[0m [0m[32m[0m[32m▲[0m[32m[0m [0m[my[0m [0m[31m([0m[0m[31m([0m[0m[m+[0m[0m[31m)[0m [0m[my[0m [0m[mx[0m[0m[31m)[0m
      [0m[1;34min[0m [0m[31m[0m[31mλ[0m[31m[0m [0m[mx[0m [0m[31m[0m[31m→[0m[31m[0m [0m[mfst[0m [0m[32m[0m[32m▲[0m[32m[0m [0m[32m[0m[32m▲[0m[32m[0m [0m[31m([0m[0m[mwork[0m [0m[mx[0m[0m[31m)[0m
    [0m[munwrap[0m [0m[31m=[0m [0m[31m[0m[31mλ[0m[31m[0m [0m[mh[0m [0m[mn[0m [0m[31m[0m[31m→[0m[31m[0m [0m[m(,)[0m [0m[32m[0m[32m▲[0m[32m[0m [0m[32m[0m[32m▲[0m[32m[0m [0m[31m([0m[0m[mh[0m [0m[mn[0m[0m[31m)[0m [0m[31m([0m[0m[mh[0m [0m[31m([0m[0m[mS[0m [0m[mn[0m[0m[31m)[0m[0m[31m)[0m
    [0m[mwrap[0m [0m[31m=[0m [0m[31m[0m[31mλ[0m[31m[0m [0m[mh[0m [0m[31m[0m[31m→[0m[31m[0m [0m[31m([0m[0m[m.[0m[0m[31m)[0m [0m[32m[0m[32m▲[0m[32m[0m [0m[32m[0m[32m▲[0m[32m[0m [0m[32m[0m[32m▲[0m[32m[0m [0m[31m([0m[0m[mfst[0m [0m[32m[0m[32m▲[0m[32m[0m [0m[32m[0m[32m▲[0m[32m[0m[0m[31m)[0m [0m[mh[0m
    [0m[mfromInt[0m [0m[31m=[0m [0m[31m[0m[31mλ[0m[31m[0m [0m[mds[0m [0m[31m[0m[31m→[0m[31m[0m
      [0m[1;34mcase[0m [0m[mds[0m [0m[1;34mof[0m [0m[mwild[0m
        [0m[mI#[0m [0m[mds[0m [0m[31m[0m[31m→[0m[31m[0m
          [0m[1;34mcase[0m [0m[mds[0m [0m[1;34mof[0m [0m[mds[0m
            [0m[31m_[0m [0m[31m[0m[31m→[0m[31m[0m [0m[31m([0m[0m[31m[0m[31mλ[0m[31m[0m [0m[mds[0m [0m[31m[0m[31m→[0m[31m[0m
                   [0m[1;34mcase[0m [0m[31m([0m[0m[m<[0m[0m[31m)[0m [0m[32m[0m[32m▲[0m[32m[0m [0m[m$fOrdInt[0m [0m[mds[0m [0m[31m([0m[0m[mI#[0m 0[0m[31m)[0m [0m[1;34mof[0m [0m[mwild[0m
                     [0m[mFalse[0m [0m[31m[0m[31m→[0m[31m[0m
                       [0m[31m([0m[0m[31m[0m[31mλ[0m[31m[0m [0m[mds[0m [0m[31m[0m[31m→[0m[31m[0m
                          [0m[mS[0m [0m[31m([0m[0m[mfromInt[0m [0m[31m([0m[0m[31m([0m[0m[m-[0m[0m[31m)[0m [0m[32m[0m[32m▲[0m[32m[0m [0m[m$fNumInt[0m [0m[mds[0m [0m[31m([0m[0m[mI#[0m 1[0m[31m)[0m[0m[31m)[0m[0m[31m)[0m[0m[31m)[0m [0m[mrealWorld#[0m
                     [0m[mTrue[0m [0m[31m[0m[31m→[0m[31m[0m
                       [0m[merror[0m [0m[32m[0m[32m▲[0m[32m[0m
                         [0m[31m([0m[0m[munpackCString#[0m ("fromInt negative"#)[0m[31m)[0m[0m[31m)[0m [0m[mrealWorld#[0m
            0 [0m[31m[0m[31m→[0m[31m[0m [0m[mZ[0m
    [0m[mtoInt[0m [0m[31m=[0m [0m[31m[0m[31mλ[0m[31m[0m [0m[mds[0m [0m[31m[0m[31m→[0m[31m[0m
      [0m[1;34mcase[0m [0m[mds[0m [0m[1;34mof[0m [0m[mwild[0m
        [0m[mZ[0m [0m[31m[0m[31m→[0m[31m[0m [0m[mI#[0m 0
        [0m[mS[0m [0m[mn[0m [0m[31m[0m[31m→[0m[31m[0m [0m[msucc[0m [0m[32m[0m[32m▲[0m[32m[0m [0m[m$fEnumInt[0m [0m[31m([0m[0m[mtoInt[0m [0m[mn[0m[0m[31m)[0m
    [0m[mmain[0m [0m[31m=[0m
      [0m[31m([0m[0m[m$[0m[0m[31m)[0m [0m[32m[0m[32m▲[0m[32m[0m [0m[32m[0m[32m▲[0m[32m[0m [0m[31m([0m[0m[mprint[0m [0m[32m[0m[32m▲[0m[32m[0m [0m[m$fShowInt[0m[0m[31m)[0m [0m[31m([0m[0m[31m([0m[0m[m$[0m[0m[31m)[0m [0m[32m[0m[32m▲[0m[32m[0m [0m[32m[0m[32m▲[0m[32m[0m [0m[mtoInt[0m [0m[31m([0m[0m[mfib[0m [0m[31m([0m[0m[mfromInt[0m [0m[31m([0m[0m[mI#[0m 30[0m[31m)[0m[0m[31m)[0m[0m[31m)[0m[0m[31m)[0m
    [0m[mmain[0m [0m[31m=[0m [0m[mrunMainIO[0m [0m[32m[0m[32m▲[0m[32m[0m [0m[mmain[0m
