===================== Welcome to HERMIT ======================
HERMIT is a toolkit for the interactive transformation of GHC
core language programs. Documentation on HERMIT can be found
on the HERMIT web page at:
http://www.ittc.ku.edu/csdl/fpg/software/hermit.html

You have just loaded the interactive shell. To exit, type 
"abort" or "resume" to abort or resume GHC compilation.

Type "help" for instructions on how to list or search the
available HERMIT commands.

To get started, you could try the following:
  - type "binding-of 'foo", where "foo" is a function
    defined in the module;
  - type "set-pp-type Show" to display full type information;
  - type "info" for more information about the current node;
  - to descend into a child node, type the name of the child
    ("info" includes a list of children of the current node);
  - to ascend, use the "up" command;
  - type "log" to display an activity log.
==============================================================

[0m[1;34mrec[22m[0m[0m [0m[munwrap[0m[0m [0m[32m[32m∷[32m[0m[0m [0m[31m([0m[0m[0m[32mNat[0m[0m [0m[32m[32m→[32m[0m[0m [0m[32mNat[0m[0m[0m[31m)[0m[0m [0m[32m[32m→[32m[0m[0m [0m[32mNat[0m[0m [0m[32m[32m→[32m[0m[0m [0m[32m([0m[0m[0m[32mNat[0m[0m[0m[32m,[0m[0m [0m[32mNat[0m[0m[0m[32m)[0m[0m
    [0m[munwrap[0m[0m [0m[31m=[0m[0m [0m[31m[31mλ[31m[0m[0m [0m[mh[0m[0m [0m[mn[0m[0m [0m[31m[31m→[31m[0m[0m [0m[m(,)[0m[0m [0m[32mNat[0m[0m [0m[32mNat[0m[0m [0m[31m([0m[0m[0m[0m[mh[0m[0m[0m [0m[0m[mn[0m[0m[0m[0m[31m)[0m[0m [0m[31m([0m[0m[0m[0m[mh[0m[0m[0m [0m[31m([0m[0m[0m[mS[0m[0m [0m[0m[mn[0m[0m[0m[0m[31m)[0m[0m[0m[31m)[0m[0m
    [0m[mwrap[0m[0m [0m[32m[32m∷[32m[0m[0m [0m[31m([0m[0m[0m[32mNat[0m[0m [0m[32m[32m→[32m[0m[0m [0m[32m([0m[0m[0m[32mNat[0m[0m[0m[32m,[0m[0m [0m[32mNat[0m[0m[0m[32m)[0m[0m[0m[31m)[0m[0m [0m[32m[32m→[32m[0m[0m [0m[32mNat[0m[0m [0m[32m[32m→[32m[0m[0m [0m[32mNat[0m[0m
    [0m[mwrap[0m[0m [0m[31m=[0m[0m [0m[31m[31mλ[31m[0m[0m [0m[mh[0m[0m [0m[mn[0m[0m [0m[31m[31m→[31m[0m[0m [0m[mfst[0m[0m [0m[32mNat[0m[0m [0m[32mNat[0m[0m [0m[31m([0m[0m[0m[0m[mh[0m[0m[0m [0m[0m[mn[0m[0m[0m[0m[31m)[0m[0m
    [0m[31m([0m[0m[0m[m+[0m[0m[0m[31m)[0m[0m [0m[32m[32m∷[32m[0m[0m [0m[32mNat[0m[0m [0m[32m[32m→[32m[0m[0m [0m[32mNat[0m[0m [0m[32m[32m→[32m[0m[0m [0m[32mNat[0m[0m
    [0m[31m([0m[0m[0m[m+[0m[0m[0m[31m)[0m[0m [0m[31m=[0m[0m [0m[31m[31mλ[31m[0m[0m [0m[mds[0m[0m [0m[mn[0m[0m [0m[31m[31m→[31m[0m[0m
      [0m[1;34mcase[22m[0m[0m [0m[0m[mds[0m[0m[0m [0m[1;34mof[22m[0m[0m [0m[mwild[0m[0m [0m[32mNat[0m[0m
        [0m[mZ[0m[0m [0m[31m[31m→[31m[0m[0m [0m[0m[mn[0m[0m[0m
        [0m[mS[0m[0m [0m[mn'[0m[0m [0m[31m[31m→[31m[0m[0m [0m[mS[0m[0m [0m[31m([0m[0m[0m[0m[31m([0m[0m[0m[m+[0m[0m[0m[31m)[0m[0m[0m [0m[0m[mn'[0m[0m[0m [0m[0m[mn[0m[0m[0m[0m[31m)[0m[0m
    [0m[mfib[0m[0m [0m[32m[32m∷[32m[0m[0m [0m[32mNat[0m[0m [0m[32m[32m→[32m[0m[0m [0m[32mNat[0m[0m
    [0m[mfib[0m[0m [0m[31m=[0m[0m
      [0m[1;34mlet[22m[0m[0m [0m[1;34mrec[22m[0m[0m [0m[mwork[0m[0m [0m[32m[32m∷[32m[0m[0m [0m[32mNat[0m[0m [0m[32m[32m→[32m[0m[0m [0m[32m([0m[0m[0m[32mNat[0m[0m[0m[32m,[0m[0m [0m[32mNat[0m[0m[0m[32m)[0m[0m
              [0m[mwork[0m[0m [0m[31m=[0m[0m [0m[31m[31mλ[31m[0m[0m [0m[mn[0m[0m [0m[31m[31m→[31m[0m[0m
                [0m[1;34mcase[22m[0m[0m [0m[0m[mn[0m[0m[0m [0m[1;34mof[22m[0m[0m [0m[mn'[0m[0m [0m[32m([0m[0m[0m[32mNat[0m[0m[0m[32m,[0m[0m [0m[32mNat[0m[0m[0m[32m)[0m[0m
                  [0m[mZ[0m[0m [0m[31m[31m→[31m[0m[0m [0m[m(,)[0m[0m [0m[32mNat[0m[0m [0m[32mNat[0m[0m [0m[mZ[0m[0m [0m[31m([0m[0m[0m[mS[0m[0m [0m[mZ[0m[0m[0m[31m)[0m[0m
                  [0m[mS[0m[0m [0m[ma[0m[0m [0m[31m[31m→[31m[0m[0m
                    [0m[1;34mcase[22m[0m[0m [0m[0m[mwork[0m[0m[0m [0m[0m[ma[0m[0m[0m [0m[1;34mof[22m[0m[0m [0m[mxy[0m[0m [0m[32m([0m[0m[0m[32mNat[0m[0m[0m[32m,[0m[0m [0m[32mNat[0m[0m[0m[32m)[0m[0m
                      [0m[m(,)[0m[0m [0m[mx[0m[0m [0m[my[0m[0m [0m[31m[31m→[31m[0m[0m [0m[m(,)[0m[0m [0m[32mNat[0m[0m [0m[32mNat[0m[0m [0m[0m[my[0m[0m[0m [0m[31m([0m[0m[0m[0m[31m([0m[0m[0m[m+[0m[0m[0m[31m)[0m[0m[0m [0m[0m[my[0m[0m[0m [0m[0m[mx[0m[0m[0m[0m[31m)[0m[0m
      [0m[1;34min[22m[0m[0m [0m[31m[31mλ[31m[0m[0m [0m[mn[0m[0m [0m[31m[31m→[31m[0m[0m [0m[mfst[0m[0m [0m[32mNat[0m[0m [0m[32mNat[0m[0m [0m[31m([0m[0m[0m[0m[mwork[0m[0m[0m [0m[0m[mn[0m[0m[0m[0m[31m)[0m[0m
    [0m[mfromInt[0m[0m [0m[32m[32m∷[32m[0m[0m [0m[32mInt[0m[0m [0m[32m[32m→[32m[0m[0m [0m[32mNat[0m[0m
    [0m[mfromInt[0m[0m [0m[31m=[0m[0m [0m[31m[31mλ[31m[0m[0m [0m[mds[0m[0m [0m[31m[31m→[31m[0m[0m
      [0m[1;34mcase[22m[0m[0m [0m[0m[mds[0m[0m[0m [0m[1;34mof[22m[0m[0m [0m[mwild[0m[0m [0m[32mNat[0m[0m
        [0m[mI#[0m[0m [0m[mds[0m[0m [0m[31m[31m→[31m[0m[0m
          [0m[1;34mcase[22m[0m[0m [0m[0m[mds[0m[0m[0m [0m[1;34mof[22m[0m[0m [0m[mds[0m[0m [0m[32mNat[0m[0m
            [0m[31m_[0m[0m [0m[31m[31m→[31m[0m[0m
              [0m[31m([0m[0m[0m[31m[31mλ[31m[0m[0m [0m[mds[0m[0m [0m[31m[31m→[31m[0m[0m
                 [0m[1;34mcase[22m[0m[0m [0m[31m([0m[0m[0m[m<[0m[0m[0m[31m)[0m[0m [0m[32mInt[0m[0m [0m[m$fOrdInt[0m[0m [0m[0m[mds[0m[0m[0m [0m[31m([0m[0m[0m[mI#[0m[0m [0m0[0m[0m[31m)[0m[0m [0m[1;34mof[22m[0m[0m [0m[mwild[0m[0m [0m[32mNat[0m[0m
                   [0m[mFalse[0m[0m [0m[31m[31m→[31m[0m[0m
                     [0m[31m([0m[0m[0m[31m[31mλ[31m[0m[0m [0m[mds[0m[0m [0m[31m[31m→[31m[0m[0m [0m[mS[0m[0m [0m[31m([0m[0m[0m[0m[mfromInt[0m[0m[0m [0m[31m([0m[0m[0m[31m([0m[0m[0m[m-[0m[0m[0m[31m)[0m[0m [0m[32mInt[0m[0m [0m[m$fNumInt[0m[0m [0m[0m[mds[0m[0m[0m [0m[31m([0m[0m[0m[mI#[0m[0m [0m1[0m[0m[31m)[0m[0m[0m[31m)[0m[0m[0m[31m)[0m[0m[0m[31m)[0m[0m [0m[mvoid#[0m[0m
                   [0m[mTrue[0m[0m [0m[31m[31m→[31m[0m[0m
                     [0m[merror[0m[0m [0m[32mNat[0m[0m [0m[31m([0m[0m[0m[munpackCString#[0m[0m [0m[31m([0m[0m[0m"fromInt negative"#[0m[0m[31m)[0m[0m[0m[31m)[0m[0m[0m[31m)[0m[0m [0m[mvoid#[0m[0m
            [0m0[0m [0m[31m[31m→[31m[0m[0m [0m[mZ[0m[0m
    [0m[mtoInt[0m[0m [0m[32m[32m∷[32m[0m[0m [0m[32mNat[0m[0m [0m[32m[32m→[32m[0m[0m [0m[32mInt[0m[0m
    [0m[mtoInt[0m[0m [0m[31m=[0m[0m [0m[31m[31mλ[31m[0m[0m [0m[mds[0m[0m [0m[31m[31m→[31m[0m[0m
      [0m[1;34mcase[22m[0m[0m [0m[0m[mds[0m[0m[0m [0m[1;34mof[22m[0m[0m [0m[mwild[0m[0m [0m[32mInt[0m[0m
        [0m[mZ[0m[0m [0m[31m[31m→[31m[0m[0m [0m[mI#[0m[0m [0m0[0m
        [0m[mS[0m[0m [0m[mn[0m[0m [0m[31m[31m→[31m[0m[0m [0m[msucc[0m[0m [0m[32mInt[0m[0m [0m[m$fEnumInt[0m[0m [0m[31m([0m[0m[0m[0m[mtoInt[0m[0m[0m [0m[0m[mn[0m[0m[0m[0m[31m)[0m[0m
    [0m[mmain[0m[0m [0m[32m[32m∷[32m[0m[0m [0m[32mIO[0m[0m [0m[32m([0m[0m[0m[32m)[0m[0m
    [0m[mmain[0m[0m [0m[31m=[0m[0m
      [0m[31m([0m[0m[0m[m$[0m[0m[0m[31m)[0m[0m
        [0m[32mInt[0m[0m
        [0m[31m([0m[0m[0m[32mIO[0m[0m [0m[32m([0m[0m[0m[32m)[0m[0m[0m[31m)[0m[0m
        [0m[31m([0m[0m[0m[mprint[0m[0m [0m[32mInt[0m[0m [0m[m$fShowInt[0m[0m[0m[31m)[0m[0m
        [0m[31m([0m[0m[0m[31m([0m[0m[0m[m$[0m[0m[0m[31m)[0m[0m [0m[32mNat[0m[0m [0m[32mInt[0m[0m [0m[0m[mtoInt[0m[0m[0m [0m[31m([0m[0m[0m[0m[mfib[0m[0m[0m [0m[31m([0m[0m[0m[0m[mfromInt[0m[0m[0m [0m[31m([0m[0m[0m[mI#[0m[0m [0m30[0m[0m[31m)[0m[0m[0m[31m)[0m[0m[0m[31m)[0m[0m[0m[31m)[0m[0m
    [0m[mmain[0m[0m [0m[32m[32m∷[32m[0m[0m [0m[32mIO[0m[0m [0m[32m([0m[0m[0m[32m)[0m[0m
    [0m[mmain[0m[0m [0m[31m=[0m[0m [0m[mrunMainIO[0m[0m [0m[32m([0m[0m[0m[32m)[0m[0m [0m[0m[mmain[0m[0m[0m[0m
