[0m[1;34mrec[0m [0m[mhanoi[0m [0m[31m=[0m
      [0m[1;34mlet[0m [0m[1;34mrec[0m [0m[mwork[0m [0m[31m=[0m [0m[31m[0m[31mλ[0m[31m[0m [0m[mn[0m [0m[md[0m [0m[mb[0m [0m[mc[0m [0m[31m[0m[31m→[0m[31m[0m
                [0m[1;34mcase[0m [0m[mn[0m [0m[1;34mof[0m [0m[mn[0m
                  [0m[mZ[0m [0m[31m[0m[31m→[0m[31m[0m [0m[m(,,)[0m [0m[32m[0m[32m▲[0m[32m[0m [0m[32m[0m[32m▲[0m[32m[0m [0m[32m[0m[32m▲[0m[32m[0m [0m[31m([0m[0m[m[][0m [0m[32m[0m[32m▲[0m[32m[0m[0m[31m)[0m [0m[31m([0m[0m[m[][0m [0m[32m[0m[32m▲[0m[32m[0m[0m[31m)[0m [0m[31m([0m[0m[m[][0m [0m[32m[0m[32m▲[0m[32m[0m[0m[31m)[0m
                  [0m[mS[0m [0m[ma[0m [0m[31m[0m[31m→[0m[31m[0m
                    [0m[1;34mcase[0m [0m[ma[0m [0m[1;34mof[0m [0m[ma[0m
                      [0m[mZ[0m [0m[31m[0m[31m→[0m[31m[0m
                        [0m[m(,,)[0m [0m[32m[0m[32m▲[0m[32m[0m [0m[32m[0m[32m▲[0m[32m[0m [0m[32m[0m[32m▲[0m[32m[0m
                          [0m[31m([0m[0m[31m([0m[0m[m:[0m[0m[31m)[0m [0m[32m[0m[32m▲[0m[32m[0m [0m[31m([0m[0m[m(,)[0m [0m[32m[0m[32m▲[0m[32m[0m [0m[32m[0m[32m▲[0m[32m[0m [0m[md[0m [0m[mb[0m[0m[31m)[0m [0m[31m([0m[0m[m[][0m [0m[32m[0m[32m▲[0m[32m[0m[0m[31m)[0m[0m[31m)[0m
                          [0m[31m([0m[0m[31m([0m[0m[m:[0m[0m[31m)[0m [0m[32m[0m[32m▲[0m[32m[0m [0m[31m([0m[0m[m(,)[0m [0m[32m[0m[32m▲[0m[32m[0m [0m[32m[0m[32m▲[0m[32m[0m [0m[mb[0m [0m[mc[0m[0m[31m)[0m [0m[31m([0m[0m[m[][0m [0m[32m[0m[32m▲[0m[32m[0m[0m[31m)[0m[0m[31m)[0m
                          [0m[31m([0m[0m[31m([0m[0m[m:[0m[0m[31m)[0m [0m[32m[0m[32m▲[0m[32m[0m [0m[31m([0m[0m[m(,)[0m [0m[32m[0m[32m▲[0m[32m[0m [0m[32m[0m[32m▲[0m[32m[0m [0m[mc[0m [0m[md[0m[0m[31m)[0m [0m[31m([0m[0m[m[][0m [0m[32m[0m[32m▲[0m[32m[0m[0m[31m)[0m[0m[31m)[0m
                      [0m[mS[0m [0m[ma[0m [0m[31m[0m[31m→[0m[31m[0m
                        [0m[1;34mcase[0m [0m[mwork[0m [0m[ma[0m [0m[mc[0m [0m[md[0m [0m[mb[0m [0m[1;34mof[0m [0m[muvw[0m
                          [0m[m(,,)[0m [0m[mu[0m [0m[mv[0m [0m[mw[0m [0m[31m[0m[31m→[0m[31m[0m
                            [0m[m(,,)[0m [0m[32m[0m[32m▲[0m[32m[0m [0m[32m[0m[32m▲[0m[32m[0m [0m[32m[0m[32m▲[0m[32m[0m
                              [0m[31m([0m[0m[31m([0m[0m[m++[0m[0m[31m)[0m [0m[32m[0m[32m▲[0m[32m[0m
                                 [0m[31m([0m[0m[31m([0m[0m[m++[0m[0m[31m)[0m [0m[32m[0m[32m▲[0m[32m[0m [0m[mv[0m
                                    [0m[31m([0m[0m[31m([0m[0m[m++[0m[0m[31m)[0m [0m[32m[0m[32m▲[0m[32m[0m [0m[31m([0m[0m[31m([0m[0m[m:[0m[0m[31m)[0m [0m[32m[0m[32m▲[0m[32m[0m [0m[31m([0m[0m[m(,)[0m [0m[32m[0m[32m▲[0m[32m[0m [0m[32m[0m[32m▲[0m[32m[0m [0m[md[0m [0m[mc[0m[0m[31m)[0m [0m[31m([0m[0m[m[][0m [0m[32m[0m[32m▲[0m[32m[0m[0m[31m)[0m[0m[31m)[0m [0m[mw[0m[0m[31m)[0m[0m[31m)[0m
                                 [0m[31m([0m[0m[31m([0m[0m[m++[0m[0m[31m)[0m [0m[32m[0m[32m▲[0m[32m[0m
                                    [0m[31m([0m[0m[31m([0m[0m[m:[0m[0m[31m)[0m [0m[32m[0m[32m▲[0m[32m[0m [0m[31m([0m[0m[m(,)[0m [0m[32m[0m[32m▲[0m[32m[0m [0m[32m[0m[32m▲[0m[32m[0m [0m[md[0m [0m[mb[0m[0m[31m)[0m [0m[31m([0m[0m[m[][0m [0m[32m[0m[32m▲[0m[32m[0m[0m[31m)[0m[0m[31m)[0m
                                    [0m[31m([0m[0m[31m([0m[0m[m++[0m[0m[31m)[0m [0m[32m[0m[32m▲[0m[32m[0m [0m[mu[0m
                                       [0m[31m([0m[0m[31m([0m[0m[m++[0m[0m[31m)[0m [0m[32m[0m[32m▲[0m[32m[0m
                                          [0m[31m([0m[0m[31m([0m[0m[m:[0m[0m[31m)[0m [0m[32m[0m[32m▲[0m[32m[0m [0m[31m([0m[0m[m(,)[0m [0m[32m[0m[32m▲[0m[32m[0m [0m[32m[0m[32m▲[0m[32m[0m [0m[mc[0m [0m[mb[0m[0m[31m)[0m [0m[31m([0m[0m[m[][0m [0m[32m[0m[32m▲[0m[32m[0m[0m[31m)[0m[0m[31m)[0m [0m[mv[0m[0m[31m)[0m[0m[31m)[0m[0m[31m)[0m[0m[31m)[0m
                              [0m[31m([0m[0m[31m([0m[0m[m++[0m[0m[31m)[0m [0m[32m[0m[32m▲[0m[32m[0m
                                 [0m[31m([0m[0m[31m([0m[0m[m++[0m[0m[31m)[0m [0m[32m[0m[32m▲[0m[32m[0m [0m[mw[0m
                                    [0m[31m([0m[0m[31m([0m[0m[m++[0m[0m[31m)[0m [0m[32m[0m[32m▲[0m[32m[0m [0m[31m([0m[0m[31m([0m[0m[m:[0m[0m[31m)[0m [0m[32m[0m[32m▲[0m[32m[0m [0m[31m([0m[0m[m(,)[0m [0m[32m[0m[32m▲[0m[32m[0m [0m[32m[0m[32m▲[0m[32m[0m [0m[mb[0m [0m[md[0m[0m[31m)[0m [0m[31m([0m[0m[m[][0m [0m[32m[0m[32m▲[0m[32m[0m[0m[31m)[0m[0m[31m)[0m [0m[mu[0m[0m[31m)[0m[0m[31m)[0m
                                 [0m[31m([0m[0m[31m([0m[0m[m++[0m[0m[31m)[0m [0m[32m[0m[32m▲[0m[32m[0m
                                    [0m[31m([0m[0m[31m([0m[0m[m:[0m[0m[31m)[0m [0m[32m[0m[32m▲[0m[32m[0m [0m[31m([0m[0m[m(,)[0m [0m[32m[0m[32m▲[0m[32m[0m [0m[32m[0m[32m▲[0m[32m[0m [0m[mb[0m [0m[mc[0m[0m[31m)[0m [0m[31m([0m[0m[m[][0m [0m[32m[0m[32m▲[0m[32m[0m[0m[31m)[0m[0m[31m)[0m
                                    [0m[31m([0m[0m[31m([0m[0m[m++[0m[0m[31m)[0m [0m[32m[0m[32m▲[0m[32m[0m [0m[mv[0m
                                       [0m[31m([0m[0m[31m([0m[0m[m++[0m[0m[31m)[0m [0m[32m[0m[32m▲[0m[32m[0m
                                          [0m[31m([0m[0m[31m([0m[0m[m:[0m[0m[31m)[0m [0m[32m[0m[32m▲[0m[32m[0m [0m[31m([0m[0m[m(,)[0m [0m[32m[0m[32m▲[0m[32m[0m [0m[32m[0m[32m▲[0m[32m[0m [0m[md[0m [0m[mc[0m[0m[31m)[0m [0m[31m([0m[0m[m[][0m [0m[32m[0m[32m▲[0m[32m[0m[0m[31m)[0m[0m[31m)[0m [0m[mw[0m[0m[31m)[0m[0m[31m)[0m[0m[31m)[0m[0m[31m)[0m
                              [0m[31m([0m[0m[31m([0m[0m[m++[0m[0m[31m)[0m [0m[32m[0m[32m▲[0m[32m[0m
                                 [0m[31m([0m[0m[31m([0m[0m[m++[0m[0m[31m)[0m [0m[32m[0m[32m▲[0m[32m[0m [0m[mu[0m
                                    [0m[31m([0m[0m[31m([0m[0m[m++[0m[0m[31m)[0m [0m[32m[0m[32m▲[0m[32m[0m [0m[31m([0m[0m[31m([0m[0m[m:[0m[0m[31m)[0m [0m[32m[0m[32m▲[0m[32m[0m [0m[31m([0m[0m[m(,)[0m [0m[32m[0m[32m▲[0m[32m[0m [0m[32m[0m[32m▲[0m[32m[0m [0m[mc[0m [0m[mb[0m[0m[31m)[0m [0m[31m([0m[0m[m[][0m [0m[32m[0m[32m▲[0m[32m[0m[0m[31m)[0m[0m[31m)[0m [0m[mv[0m[0m[31m)[0m[0m[31m)[0m
                                 [0m[31m([0m[0m[31m([0m[0m[m++[0m[0m[31m)[0m [0m[32m[0m[32m▲[0m[32m[0m
                                    [0m[31m([0m[0m[31m([0m[0m[m:[0m[0m[31m)[0m [0m[32m[0m[32m▲[0m[32m[0m [0m[31m([0m[0m[m(,)[0m [0m[32m[0m[32m▲[0m[32m[0m [0m[32m[0m[32m▲[0m[32m[0m [0m[mc[0m [0m[md[0m[0m[31m)[0m [0m[31m([0m[0m[m[][0m [0m[32m[0m[32m▲[0m[32m[0m[0m[31m)[0m[0m[31m)[0m
                                    [0m[31m([0m[0m[31m([0m[0m[m++[0m[0m[31m)[0m [0m[32m[0m[32m▲[0m[32m[0m [0m[mw[0m
                                       [0m[31m([0m[0m[31m([0m[0m[m++[0m[0m[31m)[0m [0m[32m[0m[32m▲[0m[32m[0m
                                          [0m[31m([0m[0m[31m([0m[0m[m:[0m[0m[31m)[0m [0m[32m[0m[32m▲[0m[32m[0m [0m[31m([0m[0m[m(,)[0m [0m[32m[0m[32m▲[0m[32m[0m [0m[32m[0m[32m▲[0m[32m[0m [0m[mb[0m [0m[md[0m[0m[31m)[0m [0m[31m([0m[0m[m[][0m [0m[32m[0m[32m▲[0m[32m[0m[0m[31m)[0m[0m[31m)[0m [0m[mu[0m[0m[31m)[0m[0m[31m)[0m[0m[31m)[0m[0m[31m)[0m
      [0m[1;34min[0m [0m[mwrap[0m [0m[mwork[0m
    [0m[mhanoi'[0m [0m[31m=[0m [0m[31m[0m[31mλ[0m[31m[0m [0m[mds[0m [0m[mds[0m [0m[mds[0m [0m[mds[0m [0m[31m[0m[31m→[0m[31m[0m
      [0m[1;34mcase[0m [0m[mds[0m [0m[1;34mof[0m [0m[mwild[0m
        [0m[mZ[0m [0m[31m[0m[31m→[0m[31m[0m [0m[m[][0m [0m[32m[0m[32m▲[0m[32m[0m
        [0m[mS[0m [0m[mds[0m [0m[31m[0m[31m→[0m[31m[0m
          [0m[1;34mcase[0m [0m[mds[0m [0m[1;34mof[0m [0m[mwild[0m
            [0m[mZ[0m [0m[31m[0m[31m→[0m[31m[0m [0m[31m([0m[0m[m:[0m[0m[31m)[0m [0m[32m[0m[32m▲[0m[32m[0m [0m[31m([0m[0m[m(,)[0m [0m[32m[0m[32m▲[0m[32m[0m [0m[32m[0m[32m▲[0m[32m[0m [0m[mds[0m [0m[mds[0m[0m[31m)[0m [0m[31m([0m[0m[m[][0m [0m[32m[0m[32m▲[0m[32m[0m[0m[31m)[0m
            [0m[mS[0m [0m[mn[0m [0m[31m[0m[31m→[0m[31m[0m
              [0m[1;34mlet[0m [0m[1;34mrec[0m [0m[mworker[0m [0m[31m=[0m [0m[31m[0m[31mλ[0m[31m[0m [0m[mds[0m [0m[mds[0m [0m[mds[0m [0m[mds[0m [0m[31m[0m[31m→[0m[31m[0m
                        [0m[1;34mcase[0m [0m[mds[0m [0m[1;34mof[0m [0m[mwild[0m
                          [0m[mZ[0m [0m[31m[0m[31m→[0m[31m[0m [0m[m(,,)[0m [0m[32m[0m[32m▲[0m[32m[0m [0m[32m[0m[32m▲[0m[32m[0m [0m[32m[0m[32m▲[0m[32m[0m [0m[31m([0m[0m[m[][0m [0m[32m[0m[32m▲[0m[32m[0m[0m[31m)[0m [0m[31m([0m[0m[m[][0m [0m[32m[0m[32m▲[0m[32m[0m[0m[31m)[0m [0m[31m([0m[0m[m[][0m [0m[32m[0m[32m▲[0m[32m[0m[0m[31m)[0m
                          [0m[mS[0m [0m[mds[0m [0m[31m[0m[31m→[0m[31m[0m
                            [0m[1;34mcase[0m [0m[mds[0m [0m[1;34mof[0m [0m[mwild[0m
                              [0m[mZ[0m [0m[31m[0m[31m→[0m[31m[0m
                                [0m[m(,,)[0m [0m[32m[0m[32m▲[0m[32m[0m [0m[32m[0m[32m▲[0m[32m[0m [0m[32m[0m[32m▲[0m[32m[0m
                                  [0m[31m([0m[0m[31m([0m[0m[m:[0m[0m[31m)[0m [0m[32m[0m[32m▲[0m[32m[0m [0m[31m([0m[0m[m(,)[0m [0m[32m[0m[32m▲[0m[32m[0m [0m[32m[0m[32m▲[0m[32m[0m [0m[mds[0m [0m[mds[0m[0m[31m)[0m [0m[31m([0m[0m[m[][0m [0m[32m[0m[32m▲[0m[32m[0m[0m[31m)[0m[0m[31m)[0m
                                  [0m[31m([0m[0m[31m([0m[0m[m:[0m[0m[31m)[0m [0m[32m[0m[32m▲[0m[32m[0m [0m[31m([0m[0m[m(,)[0m [0m[32m[0m[32m▲[0m[32m[0m [0m[32m[0m[32m▲[0m[32m[0m [0m[mds[0m [0m[mds[0m[0m[31m)[0m [0m[31m([0m[0m[m[][0m [0m[32m[0m[32m▲[0m[32m[0m[0m[31m)[0m[0m[31m)[0m
                                  [0m[31m([0m[0m[31m([0m[0m[m:[0m[0m[31m)[0m [0m[32m[0m[32m▲[0m[32m[0m [0m[31m([0m[0m[m(,)[0m [0m[32m[0m[32m▲[0m[32m[0m [0m[32m[0m[32m▲[0m[32m[0m [0m[mds[0m [0m[mds[0m[0m[31m)[0m [0m[31m([0m[0m[m[][0m [0m[32m[0m[32m▲[0m[32m[0m[0m[31m)[0m[0m[31m)[0m
                              [0m[mS[0m [0m[mn[0m [0m[31m[0m[31m→[0m[31m[0m
                                [0m[1;34mlet[0m [0m[mds[0m [0m[31m=[0m
                                      [0m[1;34mlet[0m [0m[mds[0m [0m[31m=[0m [0m[mworker[0m [0m[mn[0m [0m[mds[0m [0m[mds[0m [0m[mds[0m
                                          [0m[mw[0m [0m[31m=[0m
                                            [0m[1;34mcase[0m [0m[mds[0m [0m[1;34mof[0m [0m[mwild[0m
                                              [0m[m(,,)[0m [0m[mu[0m [0m[mv[0m [0m[mw[0m [0m[31m[0m[31m→[0m[31m[0m [0m[mw[0m
                                          [0m[mv[0m [0m[31m=[0m
                                            [0m[1;34mcase[0m [0m[mds[0m [0m[1;34mof[0m [0m[mwild[0m
                                              [0m[m(,,)[0m [0m[mu[0m [0m[mv[0m [0m[mw[0m [0m[31m[0m[31m→[0m[31m[0m [0m[mv[0m
                                          [0m[mu[0m [0m[31m=[0m
                                            [0m[1;34mcase[0m [0m[mds[0m [0m[1;34mof[0m [0m[mwild[0m
                                              [0m[m(,,)[0m [0m[mu[0m [0m[mv[0m [0m[mw[0m [0m[31m[0m[31m→[0m[31m[0m [0m[mu[0m
                                      [0m[1;34min[0m [0m[m(,,)[0m [0m[32m[0m[32m▲[0m[32m[0m [0m[32m[0m[32m▲[0m[32m[0m [0m[32m[0m[32m▲[0m[32m[0m [0m[mu[0m [0m[mv[0m [0m[mw[0m
                                    [0m[mw[0m [0m[31m=[0m
                                      [0m[1;34mcase[0m [0m[mds[0m [0m[1;34mof[0m [0m[mds[0m
                                        [0m[m(,,)[0m [0m[mu[0m [0m[mv[0m [0m[mw[0m [0m[31m[0m[31m→[0m[31m[0m [0m[mw[0m
                                    [0m[mv[0m [0m[31m=[0m
                                      [0m[1;34mcase[0m [0m[mds[0m [0m[1;34mof[0m [0m[mds[0m
                                        [0m[m(,,)[0m [0m[mu[0m [0m[mv[0m [0m[mw[0m [0m[31m[0m[31m→[0m[31m[0m [0m[mv[0m
                                    [0m[mu[0m [0m[31m=[0m
                                      [0m[1;34mcase[0m [0m[mds[0m [0m[1;34mof[0m [0m[mds[0m
                                        [0m[m(,,)[0m [0m[mu[0m [0m[mv[0m [0m[mw[0m [0m[31m[0m[31m→[0m[31m[0m [0m[mu[0m
                                [0m[1;34min[0m [0m[m(,,)[0m [0m[32m[0m[32m▲[0m[32m[0m [0m[32m[0m[32m▲[0m[32m[0m [0m[32m[0m[32m▲[0m[32m[0m
                                     [0m[31m([0m[0m[31m([0m[0m[m++[0m[0m[31m)[0m [0m[32m[0m[32m▲[0m[32m[0m [0m[mu[0m
                                        [0m[31m([0m[0m[31m([0m[0m[m++[0m[0m[31m)[0m [0m[32m[0m[32m▲[0m[32m[0m
                                           [0m[31m([0m[0m[31m([0m[0m[m:[0m[0m[31m)[0m [0m[32m[0m[32m▲[0m[32m[0m [0m[31m([0m[0m[m(,)[0m [0m[32m[0m[32m▲[0m[32m[0m [0m[32m[0m[32m▲[0m[32m[0m [0m[mds[0m [0m[mds[0m[0m[31m)[0m [0m[31m([0m[0m[m[][0m [0m[32m[0m[32m▲[0m[32m[0m[0m[31m)[0m[0m[31m)[0m
                                           [0m[31m([0m[0m[31m([0m[0m[m++[0m[0m[31m)[0m [0m[32m[0m[32m▲[0m[32m[0m [0m[mv[0m
                                              [0m[31m([0m[0m[31m([0m[0m[m++[0m[0m[31m)[0m [0m[32m[0m[32m▲[0m[32m[0m
                                                 [0m[31m([0m[0m[31m([0m[0m[m:[0m[0m[31m)[0m [0m[32m[0m[32m▲[0m[32m[0m [0m[31m([0m[0m[m(,)[0m [0m[32m[0m[32m▲[0m[32m[0m [0m[32m[0m[32m▲[0m[32m[0m [0m[mds[0m [0m[mds[0m[0m[31m)[0m [0m[31m([0m[0m[m[][0m [0m[32m[0m[32m▲[0m[32m[0m[0m[31m)[0m[0m[31m)[0m
                                                 [0m[31m([0m[0m[31m([0m[0m[m++[0m[0m[31m)[0m [0m[32m[0m[32m▲[0m[32m[0m [0m[mw[0m
                                                    [0m[31m([0m[0m[31m([0m[0m[m++[0m[0m[31m)[0m [0m[32m[0m[32m▲[0m[32m[0m
                                                       [0m[31m([0m[0m[31m([0m[0m[m:[0m[0m[31m)[0m [0m[32m[0m[32m▲[0m[32m[0m
                                                          [0m[31m([0m[0m[m(,)[0m [0m[32m[0m[32m▲[0m[32m[0m [0m[32m[0m[32m▲[0m[32m[0m [0m[mds[0m [0m[mds[0m[0m[31m)[0m
                                                          [0m[31m([0m[0m[m[][0m [0m[32m[0m[32m▲[0m[32m[0m[0m[31m)[0m[0m[31m)[0m
                                                       [0m[mu[0m[0m[31m)[0m[0m[31m)[0m[0m[31m)[0m[0m[31m)[0m[0m[31m)[0m[0m[31m)[0m
                                     [0m[31m([0m[0m[31m([0m[0m[m++[0m[0m[31m)[0m [0m[32m[0m[32m▲[0m[32m[0m [0m[mv[0m
                                        [0m[31m([0m[0m[31m([0m[0m[m++[0m[0m[31m)[0m [0m[32m[0m[32m▲[0m[32m[0m
                                           [0m[31m([0m[0m[31m([0m[0m[m:[0m[0m[31m)[0m [0m[32m[0m[32m▲[0m[32m[0m [0m[31m([0m[0m[m(,)[0m [0m[32m[0m[32m▲[0m[32m[0m [0m[32m[0m[32m▲[0m[32m[0m [0m[mds[0m [0m[mds[0m[0m[31m)[0m [0m[31m([0m[0m[m[][0m [0m[32m[0m[32m▲[0m[32m[0m[0m[31m)[0m[0m[31m)[0m
                                           [0m[31m([0m[0m[31m([0m[0m[m++[0m[0m[31m)[0m [0m[32m[0m[32m▲[0m[32m[0m [0m[mw[0m
                                              [0m[31m([0m[0m[31m([0m[0m[m++[0m[0m[31m)[0m [0m[32m[0m[32m▲[0m[32m[0m
                                                 [0m[31m([0m[0m[31m([0m[0m[m:[0m[0m[31m)[0m [0m[32m[0m[32m▲[0m[32m[0m [0m[31m([0m[0m[m(,)[0m [0m[32m[0m[32m▲[0m[32m[0m [0m[32m[0m[32m▲[0m[32m[0m [0m[mds[0m [0m[mds[0m[0m[31m)[0m [0m[31m([0m[0m[m[][0m [0m[32m[0m[32m▲[0m[32m[0m[0m[31m)[0m[0m[31m)[0m
                                                 [0m[31m([0m[0m[31m([0m[0m[m++[0m[0m[31m)[0m [0m[32m[0m[32m▲[0m[32m[0m [0m[mu[0m
                                                    [0m[31m([0m[0m[31m([0m[0m[m++[0m[0m[31m)[0m [0m[32m[0m[32m▲[0m[32m[0m
                                                       [0m[31m([0m[0m[31m([0m[0m[m:[0m[0m[31m)[0m [0m[32m[0m[32m▲[0m[32m[0m
                                                          [0m[31m([0m[0m[m(,)[0m [0m[32m[0m[32m▲[0m[32m[0m [0m[32m[0m[32m▲[0m[32m[0m [0m[mds[0m [0m[mds[0m[0m[31m)[0m
                                                          [0m[31m([0m[0m[m[][0m [0m[32m[0m[32m▲[0m[32m[0m[0m[31m)[0m[0m[31m)[0m
                                                       [0m[mv[0m[0m[31m)[0m[0m[31m)[0m[0m[31m)[0m[0m[31m)[0m[0m[31m)[0m[0m[31m)[0m
                                     [0m[31m([0m[0m[31m([0m[0m[m++[0m[0m[31m)[0m [0m[32m[0m[32m▲[0m[32m[0m [0m[mw[0m
                                        [0m[31m([0m[0m[31m([0m[0m[m++[0m[0m[31m)[0m [0m[32m[0m[32m▲[0m[32m[0m
                                           [0m[31m([0m[0m[31m([0m[0m[m:[0m[0m[31m)[0m [0m[32m[0m[32m▲[0m[32m[0m [0m[31m([0m[0m[m(,)[0m [0m[32m[0m[32m▲[0m[32m[0m [0m[32m[0m[32m▲[0m[32m[0m [0m[mds[0m [0m[mds[0m[0m[31m)[0m [0m[31m([0m[0m[m[][0m [0m[32m[0m[32m▲[0m[32m[0m[0m[31m)[0m[0m[31m)[0m
                                           [0m[31m([0m[0m[31m([0m[0m[m++[0m[0m[31m)[0m [0m[32m[0m[32m▲[0m[32m[0m [0m[mu[0m
                                              [0m[31m([0m[0m[31m([0m[0m[m++[0m[0m[31m)[0m [0m[32m[0m[32m▲[0m[32m[0m
                                                 [0m[31m([0m[0m[31m([0m[0m[m:[0m[0m[31m)[0m [0m[32m[0m[32m▲[0m[32m[0m [0m[31m([0m[0m[m(,)[0m [0m[32m[0m[32m▲[0m[32m[0m [0m[32m[0m[32m▲[0m[32m[0m [0m[mds[0m [0m[mds[0m[0m[31m)[0m [0m[31m([0m[0m[m[][0m [0m[32m[0m[32m▲[0m[32m[0m[0m[31m)[0m[0m[31m)[0m
                                                 [0m[31m([0m[0m[31m([0m[0m[m++[0m[0m[31m)[0m [0m[32m[0m[32m▲[0m[32m[0m [0m[mv[0m
                                                    [0m[31m([0m[0m[31m([0m[0m[m++[0m[0m[31m)[0m [0m[32m[0m[32m▲[0m[32m[0m
                                                       [0m[31m([0m[0m[31m([0m[0m[m:[0m[0m[31m)[0m [0m[32m[0m[32m▲[0m[32m[0m
                                                          [0m[31m([0m[0m[m(,)[0m [0m[32m[0m[32m▲[0m[32m[0m [0m[32m[0m[32m▲[0m[32m[0m [0m[mds[0m [0m[mds[0m[0m[31m)[0m
                                                          [0m[31m([0m[0m[m[][0m [0m[32m[0m[32m▲[0m[32m[0m[0m[31m)[0m[0m[31m)[0m
                                                       [0m[mw[0m[0m[31m)[0m[0m[31m)[0m[0m[31m)[0m[0m[31m)[0m[0m[31m)[0m[0m[31m)[0m
                  [0m[mds[0m [0m[31m=[0m
                    [0m[1;34mlet[0m [0m[mds[0m [0m[31m=[0m [0m[mworker[0m [0m[mn[0m [0m[mds[0m [0m[mds[0m [0m[mds[0m
                        [0m[mw[0m [0m[31m=[0m
                          [0m[1;34mcase[0m [0m[mds[0m [0m[1;34mof[0m [0m[mwild[0m
                            [0m[m(,,)[0m [0m[mu[0m [0m[mv[0m [0m[mw[0m [0m[31m[0m[31m→[0m[31m[0m [0m[mw[0m
                        [0m[mv[0m [0m[31m=[0m
                          [0m[1;34mcase[0m [0m[mds[0m [0m[1;34mof[0m [0m[mwild[0m
                            [0m[m(,,)[0m [0m[mu[0m [0m[mv[0m [0m[mw[0m [0m[31m[0m[31m→[0m[31m[0m [0m[mv[0m
                        [0m[mu[0m [0m[31m=[0m
                          [0m[1;34mcase[0m [0m[mds[0m [0m[1;34mof[0m [0m[mwild[0m
                            [0m[m(,,)[0m [0m[mu[0m [0m[mv[0m [0m[mw[0m [0m[31m[0m[31m→[0m[31m[0m [0m[mu[0m
                    [0m[1;34min[0m [0m[m(,,)[0m [0m[32m[0m[32m▲[0m[32m[0m [0m[32m[0m[32m▲[0m[32m[0m [0m[32m[0m[32m▲[0m[32m[0m [0m[mu[0m [0m[mv[0m [0m[mw[0m
                  [0m[mu[0m [0m[31m=[0m
                    [0m[1;34mcase[0m [0m[mds[0m [0m[1;34mof[0m [0m[mds[0m
                      [0m[m(,,)[0m [0m[mu[0m [0m[mv[0m [0m[mw[0m [0m[31m[0m[31m→[0m[31m[0m [0m[mu[0m
              [0m[1;34min[0m [0m[31m([0m[0m[m++[0m[0m[31m)[0m [0m[32m[0m[32m▲[0m[32m[0m [0m[mu[0m
                   [0m[31m([0m[0m[31m([0m[0m[m++[0m[0m[31m)[0m [0m[32m[0m[32m▲[0m[32m[0m
                      [0m[31m([0m[0m[31m([0m[0m[m:[0m[0m[31m)[0m [0m[32m[0m[32m▲[0m[32m[0m [0m[31m([0m[0m[m(,)[0m [0m[32m[0m[32m▲[0m[32m[0m [0m[32m[0m[32m▲[0m[32m[0m [0m[mds[0m [0m[mds[0m[0m[31m)[0m [0m[31m([0m[0m[m[][0m [0m[32m[0m[32m▲[0m[32m[0m[0m[31m)[0m[0m[31m)[0m
                      [0m[31m([0m[0m[31m([0m[0m[m++[0m[0m[31m)[0m [0m[32m[0m[32m▲[0m[32m[0m
                         [0m[31m([0m[0m[1;34mcase[0m [0m[mds[0m [0m[1;34mof[0m [0m[mds[0m
                            [0m[m(,,)[0m [0m[mu[0m [0m[mv[0m [0m[mw[0m [0m[31m[0m[31m→[0m[31m[0m [0m[mv[0m[0m[31m)[0m
                         [0m[31m([0m[0m[31m([0m[0m[m++[0m[0m[31m)[0m [0m[32m[0m[32m▲[0m[32m[0m
                            [0m[31m([0m[0m[31m([0m[0m[m:[0m[0m[31m)[0m [0m[32m[0m[32m▲[0m[32m[0m [0m[31m([0m[0m[m(,)[0m [0m[32m[0m[32m▲[0m[32m[0m [0m[32m[0m[32m▲[0m[32m[0m [0m[mds[0m [0m[mds[0m[0m[31m)[0m [0m[31m([0m[0m[m[][0m [0m[32m[0m[32m▲[0m[32m[0m[0m[31m)[0m[0m[31m)[0m
                            [0m[31m([0m[0m[31m([0m[0m[m++[0m[0m[31m)[0m [0m[32m[0m[32m▲[0m[32m[0m
                               [0m[31m([0m[0m[1;34mcase[0m [0m[mds[0m [0m[1;34mof[0m [0m[mds[0m
                                  [0m[m(,,)[0m [0m[mu[0m [0m[mv[0m [0m[mw[0m [0m[31m[0m[31m→[0m[31m[0m [0m[mw[0m[0m[31m)[0m
                               [0m[31m([0m[0m[31m([0m[0m[m++[0m[0m[31m)[0m [0m[32m[0m[32m▲[0m[32m[0m [0m[31m([0m[0m[31m([0m[0m[m:[0m[0m[31m)[0m [0m[32m[0m[32m▲[0m[32m[0m [0m[31m([0m[0m[m(,)[0m [0m[32m[0m[32m▲[0m[32m[0m [0m[32m[0m[32m▲[0m[32m[0m [0m[mds[0m [0m[mds[0m[0m[31m)[0m [0m[31m([0m[0m[m[][0m [0m[32m[0m[32m▲[0m[32m[0m[0m[31m)[0m[0m[31m)[0m [0m[mu[0m[0m[31m)[0m[0m[31m)[0m[0m[31m)[0m[0m[31m)[0m[0m[31m)[0m
    [0m[munwrap[0m [0m[31m=[0m [0m[31m[0m[31mλ[0m[31m[0m [0m[mf[0m [0m[mn[0m [0m[md[0m [0m[mb[0m [0m[mc[0m [0m[31m[0m[31m→[0m[31m[0m
      [0m[m(,,)[0m [0m[32m[0m[32m▲[0m[32m[0m [0m[32m[0m[32m▲[0m[32m[0m [0m[32m[0m[32m▲[0m[32m[0m [0m[31m([0m[0m[mf[0m [0m[mn[0m [0m[md[0m [0m[mb[0m [0m[mc[0m[0m[31m)[0m [0m[31m([0m[0m[mf[0m [0m[mn[0m [0m[mb[0m [0m[mc[0m [0m[md[0m[0m[31m)[0m [0m[31m([0m[0m[mf[0m [0m[mn[0m [0m[mc[0m [0m[md[0m [0m[mb[0m[0m[31m)[0m
    [0m[mwrap[0m [0m[31m=[0m [0m[31m[0m[31mλ[0m[31m[0m [0m[mds[0m [0m[mds[0m [0m[mds[0m [0m[mds[0m [0m[mds[0m [0m[31m[0m[31m→[0m[31m[0m
      [0m[1;34mcase[0m [0m[mds[0m [0m[1;34mof[0m [0m[mwild[0m
        [0m[mZ[0m [0m[31m[0m[31m→[0m[31m[0m [0m[m[][0m [0m[32m[0m[32m▲[0m[32m[0m
        [0m[mS[0m [0m[mds[0m [0m[31m[0m[31m→[0m[31m[0m
          [0m[1;34mcase[0m [0m[mds[0m [0m[1;34mof[0m [0m[mwild[0m
            [0m[mZ[0m [0m[31m[0m[31m→[0m[31m[0m [0m[31m([0m[0m[m:[0m[0m[31m)[0m [0m[32m[0m[32m▲[0m[32m[0m [0m[31m([0m[0m[m(,)[0m [0m[32m[0m[32m▲[0m[32m[0m [0m[32m[0m[32m▲[0m[32m[0m [0m[mds[0m [0m[mds[0m[0m[31m)[0m [0m[31m([0m[0m[m[][0m [0m[32m[0m[32m▲[0m[32m[0m[0m[31m)[0m
            [0m[mS[0m [0m[mn[0m [0m[31m[0m[31m→[0m[31m[0m
              [0m[1;34mlet[0m [0m[mds[0m [0m[31m=[0m
                    [0m[1;34mlet[0m [0m[mds[0m [0m[31m=[0m [0m[mds[0m [0m[mn[0m [0m[mds[0m [0m[mds[0m [0m[mds[0m
                        [0m[mw[0m [0m[31m=[0m
                          [0m[1;34mcase[0m [0m[mds[0m [0m[1;34mof[0m [0m[mwild[0m
                            [0m[m(,,)[0m [0m[mu[0m [0m[mv[0m [0m[mw[0m [0m[31m[0m[31m→[0m[31m[0m [0m[mw[0m
                        [0m[mv[0m [0m[31m=[0m
                          [0m[1;34mcase[0m [0m[mds[0m [0m[1;34mof[0m [0m[mwild[0m
                            [0m[m(,,)[0m [0m[mu[0m [0m[mv[0m [0m[mw[0m [0m[31m[0m[31m→[0m[31m[0m [0m[mv[0m
                        [0m[mu[0m [0m[31m=[0m
                          [0m[1;34mcase[0m [0m[mds[0m [0m[1;34mof[0m [0m[mwild[0m
                            [0m[m(,,)[0m [0m[mu[0m [0m[mv[0m [0m[mw[0m [0m[31m[0m[31m→[0m[31m[0m [0m[mu[0m
                    [0m[1;34min[0m [0m[m(,,)[0m [0m[32m[0m[32m▲[0m[32m[0m [0m[32m[0m[32m▲[0m[32m[0m [0m[32m[0m[32m▲[0m[32m[0m [0m[mu[0m [0m[mv[0m [0m[mw[0m
                  [0m[mu[0m [0m[31m=[0m
                    [0m[1;34mcase[0m [0m[mds[0m [0m[1;34mof[0m [0m[mds[0m
                      [0m[m(,,)[0m [0m[mu[0m [0m[mv[0m [0m[mw[0m [0m[31m[0m[31m→[0m[31m[0m [0m[mu[0m
              [0m[1;34min[0m [0m[31m([0m[0m[m++[0m[0m[31m)[0m [0m[32m[0m[32m▲[0m[32m[0m [0m[mu[0m
                   [0m[31m([0m[0m[31m([0m[0m[m++[0m[0m[31m)[0m [0m[32m[0m[32m▲[0m[32m[0m
                      [0m[31m([0m[0m[31m([0m[0m[m:[0m[0m[31m)[0m [0m[32m[0m[32m▲[0m[32m[0m [0m[31m([0m[0m[m(,)[0m [0m[32m[0m[32m▲[0m[32m[0m [0m[32m[0m[32m▲[0m[32m[0m [0m[mds[0m [0m[mds[0m[0m[31m)[0m [0m[31m([0m[0m[m[][0m [0m[32m[0m[32m▲[0m[32m[0m[0m[31m)[0m[0m[31m)[0m
                      [0m[31m([0m[0m[31m([0m[0m[m++[0m[0m[31m)[0m [0m[32m[0m[32m▲[0m[32m[0m
                         [0m[31m([0m[0m[1;34mcase[0m [0m[mds[0m [0m[1;34mof[0m [0m[mds[0m
                            [0m[m(,,)[0m [0m[mu[0m [0m[mv[0m [0m[mw[0m [0m[31m[0m[31m→[0m[31m[0m [0m[mv[0m[0m[31m)[0m
                         [0m[31m([0m[0m[31m([0m[0m[m++[0m[0m[31m)[0m [0m[32m[0m[32m▲[0m[32m[0m
                            [0m[31m([0m[0m[31m([0m[0m[m:[0m[0m[31m)[0m [0m[32m[0m[32m▲[0m[32m[0m [0m[31m([0m[0m[m(,)[0m [0m[32m[0m[32m▲[0m[32m[0m [0m[32m[0m[32m▲[0m[32m[0m [0m[mds[0m [0m[mds[0m[0m[31m)[0m [0m[31m([0m[0m[m[][0m [0m[32m[0m[32m▲[0m[32m[0m[0m[31m)[0m[0m[31m)[0m
                            [0m[31m([0m[0m[31m([0m[0m[m++[0m[0m[31m)[0m [0m[32m[0m[32m▲[0m[32m[0m
                               [0m[31m([0m[0m[1;34mcase[0m [0m[mds[0m [0m[1;34mof[0m [0m[mds[0m
                                  [0m[m(,,)[0m [0m[mu[0m [0m[mv[0m [0m[mw[0m [0m[31m[0m[31m→[0m[31m[0m [0m[mw[0m[0m[31m)[0m
                               [0m[31m([0m[0m[31m([0m[0m[m++[0m[0m[31m)[0m [0m[32m[0m[32m▲[0m[32m[0m [0m[31m([0m[0m[31m([0m[0m[m:[0m[0m[31m)[0m [0m[32m[0m[32m▲[0m[32m[0m [0m[31m([0m[0m[m(,)[0m [0m[32m[0m[32m▲[0m[32m[0m [0m[32m[0m[32m▲[0m[32m[0m [0m[mds[0m [0m[mds[0m[0m[31m)[0m [0m[31m([0m[0m[m[][0m [0m[32m[0m[32m▲[0m[32m[0m[0m[31m)[0m[0m[31m)[0m [0m[mu[0m[0m[31m)[0m[0m[31m)[0m[0m[31m)[0m[0m[31m)[0m[0m[31m)[0m
    [0m[m$c==[0m [0m[31m=[0m [0m[31m[0m[31mλ[0m[31m[0m [0m[mds[0m [0m[mds[0m [0m[31m[0m[31m→[0m[31m[0m
      [0m[1;34mlet[0m [0m[mfail[0m [0m[31m=[0m [0m[31m[0m[31mλ[0m[31m[0m [0m[mds[0m [0m[31m[0m[31m→[0m[31m[0m [0m[mFalse[0m
      [0m[1;34min[0m [0m[1;34mcase[0m [0m[mds[0m [0m[1;34mof[0m [0m[mwild[0m
           [0m[mA[0m [0m[31m[0m[31m→[0m[31m[0m
             [0m[1;34mcase[0m [0m[mds[0m [0m[1;34mof[0m [0m[mwild[0m
               [0m[31m_[0m [0m[31m[0m[31m→[0m[31m[0m [0m[mfail[0m [0m[mrealWorld#[0m
               [0m[mA[0m [0m[31m[0m[31m→[0m[31m[0m [0m[mTrue[0m
           [0m[mB[0m [0m[31m[0m[31m→[0m[31m[0m
             [0m[1;34mcase[0m [0m[mds[0m [0m[1;34mof[0m [0m[mwild[0m
               [0m[31m_[0m [0m[31m[0m[31m→[0m[31m[0m [0m[mfail[0m [0m[mrealWorld#[0m
               [0m[mB[0m [0m[31m[0m[31m→[0m[31m[0m [0m[mTrue[0m
           [0m[mC[0m [0m[31m[0m[31m→[0m[31m[0m
             [0m[1;34mcase[0m [0m[mds[0m [0m[1;34mof[0m [0m[mwild[0m
               [0m[31m_[0m [0m[31m[0m[31m→[0m[31m[0m [0m[mfail[0m [0m[mrealWorld#[0m
               [0m[mC[0m [0m[31m[0m[31m→[0m[31m[0m [0m[mTrue[0m
    [0m[m$fEqPeg[0m [0m[31m=[0m [0m[mD:Eq[0m [0m[32m[0m[32m▲[0m[32m[0m [0m[m$c==[0m [0m[m$c/=[0m
    [0m[m$c/=[0m [0m[31m=[0m [0m[31m[0m[31mλ[0m[31m[0m [0m[ma[0m [0m[mb[0m [0m[31m[0m[31m→[0m[31m[0m [0m[mnot[0m [0m[31m([0m[0m[31m([0m[0m[m==[0m[0m[31m)[0m [0m[32m[0m[32m▲[0m[32m[0m [0m[m$fEqPeg[0m [0m[ma[0m [0m[mb[0m[0m[31m)[0m
    [0m[m$dEq[0m [0m[31m=[0m [0m[m$fEq(,)[0m [0m[32m[0m[32m▲[0m[32m[0m [0m[32m[0m[32m▲[0m[32m[0m [0m[m$fEqPeg[0m [0m[m$fEqPeg[0m
    [0m[m$cshowsPrec[0m [0m[31m=[0m [0m[31m[0m[31mλ[0m[31m[0m [0m[mds[0m [0m[mds[0m [0m[31m[0m[31m→[0m[31m[0m
      [0m[1;34mcase[0m [0m[mds[0m [0m[1;34mof[0m [0m[mwild[0m
        [0m[mA[0m [0m[31m[0m[31m→[0m[31m[0m [0m[mshowString[0m [0m[31m([0m[0m[31m([0m[0m[m:[0m[0m[31m)[0m [0m[32m[0m[32m▲[0m[32m[0m [0m[31m([0m[0m[mC#[0m 'A'[0m[31m)[0m [0m[31m([0m[0m[m[][0m [0m[32m[0m[32m▲[0m[32m[0m[0m[31m)[0m[0m[31m)[0m
        [0m[mB[0m [0m[31m[0m[31m→[0m[31m[0m [0m[mshowString[0m [0m[31m([0m[0m[31m([0m[0m[m:[0m[0m[31m)[0m [0m[32m[0m[32m▲[0m[32m[0m [0m[31m([0m[0m[mC#[0m 'B'[0m[31m)[0m [0m[31m([0m[0m[m[][0m [0m[32m[0m[32m▲[0m[32m[0m[0m[31m)[0m[0m[31m)[0m
        [0m[mC[0m [0m[31m[0m[31m→[0m[31m[0m [0m[mshowString[0m [0m[31m([0m[0m[31m([0m[0m[m:[0m[0m[31m)[0m [0m[32m[0m[32m▲[0m[32m[0m [0m[31m([0m[0m[mC#[0m 'C'[0m[31m)[0m [0m[31m([0m[0m[m[][0m [0m[32m[0m[32m▲[0m[32m[0m[0m[31m)[0m[0m[31m)[0m
    [0m[m$fShowPeg[0m [0m[31m=[0m [0m[mD:Show[0m [0m[32m[0m[32m▲[0m[32m[0m [0m[m$cshowsPrec[0m [0m[m$cshow[0m [0m[m$cshowList[0m
    [0m[m$cshowList[0m [0m[31m=[0m [0m[mshowList__[0m [0m[32m[0m[32m▲[0m[32m[0m [0m[31m([0m[0m[mshowsPrec[0m [0m[32m[0m[32m▲[0m[32m[0m [0m[m$fShowPeg[0m [0m[31m([0m[0m[mI#[0m 0[0m[31m)[0m[0m[31m)[0m
    [0m[m$cshow[0m [0m[31m=[0m [0m[m$dmshow[0m [0m[32m[0m[32m▲[0m[32m[0m [0m[m$fShowPeg[0m
    [0m[m$dShow[0m [0m[31m=[0m [0m[m$fShow(,)[0m [0m[32m[0m[32m▲[0m[32m[0m [0m[32m[0m[32m▲[0m[32m[0m [0m[m$fShowPeg[0m [0m[m$fShowPeg[0m
    [0m[m$dShow[0m [0m[31m=[0m [0m[m$fShow[][0m [0m[32m[0m[32m▲[0m[32m[0m [0m[m$dShow[0m
    [0m[m$dEq[0m [0m[31m=[0m [0m[m$fEq[][0m [0m[32m[0m[32m▲[0m[32m[0m [0m[m$dEq[0m
    [0m[mtoInt[0m [0m[31m=[0m [0m[31m[0m[31mλ[0m[31m[0m [0m[mds[0m [0m[31m[0m[31m→[0m[31m[0m
      [0m[1;34mcase[0m [0m[mds[0m [0m[1;34mof[0m [0m[mwild[0m
        [0m[mZ[0m [0m[31m[0m[31m→[0m[31m[0m [0m[mI#[0m 0
        [0m[mS[0m [0m[mm[0m [0m[31m[0m[31m→[0m[31m[0m [0m[31m([0m[0m[m+[0m[0m[31m)[0m [0m[32m[0m[32m▲[0m[32m[0m [0m[m$fNumInt[0m [0m[31m([0m[0m[mI#[0m 1[0m[31m)[0m [0m[31m([0m[0m[mtoInt[0m [0m[mm[0m[0m[31m)[0m
    [0m[m$cshow[0m [0m[31m=[0m [0m[31m([0m[0m[m.[0m[0m[31m)[0m [0m[32m[0m[32m▲[0m[32m[0m [0m[32m[0m[32m▲[0m[32m[0m [0m[32m[0m[32m▲[0m[32m[0m [0m[31m([0m[0m[mshow[0m [0m[32m[0m[32m▲[0m[32m[0m [0m[m$fShowInt[0m[0m[31m)[0m [0m[mtoInt[0m
    [0m[m$fShowNat[0m [0m[31m=[0m [0m[mD:Show[0m [0m[32m[0m[32m▲[0m[32m[0m [0m[m$cshowsPrec[0m [0m[m$cshow[0m [0m[m$cshowList[0m
    [0m[m$cshowList[0m [0m[31m=[0m [0m[m$dmshowList[0m [0m[32m[0m[32m▲[0m[32m[0m [0m[m$fShowNat[0m
    [0m[m$cshowsPrec[0m [0m[31m=[0m [0m[m$dmshowsPrec[0m [0m[32m[0m[32m▲[0m[32m[0m [0m[m$fShowNat[0m
    [0m[mfromInt[0m [0m[31m=[0m [0m[31m[0m[31mλ[0m[31m[0m [0m[mds[0m [0m[31m[0m[31m→[0m[31m[0m
      [0m[1;34mcase[0m [0m[mds[0m [0m[1;34mof[0m [0m[mwild[0m
        [0m[mI#[0m [0m[mds[0m [0m[31m[0m[31m→[0m[31m[0m
          [0m[1;34mcase[0m [0m[mds[0m [0m[1;34mof[0m [0m[mds[0m
            [0m[31m_[0m [0m[31m[0m[31m→[0m[31m[0m [0m[31m([0m[0m[31m[0m[31mλ[0m[31m[0m [0m[mds[0m [0m[31m[0m[31m→[0m[31m[0m [0m[mS[0m [0m[31m([0m[0m[mfromInt[0m [0m[31m([0m[0m[31m([0m[0m[m-[0m[0m[31m)[0m [0m[32m[0m[32m▲[0m[32m[0m [0m[m$fNumInt[0m [0m[mds[0m [0m[31m([0m[0m[mI#[0m 1[0m[31m)[0m[0m[31m)[0m[0m[31m)[0m[0m[31m)[0m [0m[mrealWorld#[0m
            0 [0m[31m[0m[31m→[0m[31m[0m [0m[mZ[0m
    [0m[mmain[0m [0m[31m=[0m
      [0m[31m([0m[0m[m$[0m[0m[31m)[0m [0m[32m[0m[32m▲[0m[32m[0m [0m[32m[0m[32m▲[0m[32m[0m
        [0m[31m([0m[0m[mforM_[0m [0m[32m[0m[32m▲[0m[32m[0m [0m[32m[0m[32m▲[0m[32m[0m [0m[32m[0m[32m▲[0m[32m[0m [0m[m$fMonadIO[0m [0m[31m([0m[0m[menumFromTo[0m [0m[32m[0m[32m▲[0m[32m[0m [0m[m$fEnumInt[0m [0m[31m([0m[0m[mI#[0m 0[0m[31m)[0m [0m[31m([0m[0m[mI#[0m 20[0m[31m)[0m[0m[31m)[0m[0m[31m)[0m
        [0m[31m([0m[0m[31m[0m[31mλ[0m[31m[0m [0m[mi[0m [0m[31m[0m[31m→[0m[31m[0m
           [0m[1;34mlet[0m [0m[mh''[0m [0m[31m=[0m [0m[mwrap[0m [0m[31m([0m[0m[munwrap[0m [0m[mhanoi[0m[0m[31m)[0m [0m[31m([0m[0m[mfromInt[0m [0m[mi[0m[0m[31m)[0m [0m[mA[0m [0m[mB[0m [0m[mC[0m
               [0m[mh'[0m [0m[31m=[0m [0m[mhanoi'[0m [0m[31m([0m[0m[mfromInt[0m [0m[mi[0m[0m[31m)[0m [0m[mA[0m [0m[mB[0m [0m[mC[0m
               [0m[mh[0m [0m[31m=[0m [0m[mhanoi[0m [0m[31m([0m[0m[mfromInt[0m [0m[mi[0m[0m[31m)[0m [0m[mA[0m [0m[mB[0m [0m[mC[0m
           [0m[1;34min[0m [0m[1;34mcase[0m [0m[31m([0m[0m[m==[0m[0m[31m)[0m [0m[32m[0m[32m▲[0m[32m[0m [0m[m$dEq[0m [0m[mh[0m [0m[mh'[0m [0m[1;34mof[0m [0m[mwild[0m
                [0m[mFalse[0m [0m[31m[0m[31m→[0m[31m[0m
                  [0m[31m([0m[0m[m>>[0m[0m[31m)[0m [0m[32m[0m[32m▲[0m[32m[0m [0m[m$fMonadIO[0m [0m[32m[0m[32m▲[0m[32m[0m [0m[32m[0m[32m▲[0m[32m[0m [0m[31m([0m[0m[mprint[0m [0m[32m[0m[32m▲[0m[32m[0m [0m[m$dShow[0m [0m[mh[0m[0m[31m)[0m [0m[31m([0m[0m[mprint[0m [0m[32m[0m[32m▲[0m[32m[0m [0m[m$dShow[0m [0m[mh'[0m[0m[31m)[0m
                [0m[mTrue[0m [0m[31m[0m[31m→[0m[31m[0m
                  [0m[31m([0m[0m[m>>[0m[0m[31m)[0m [0m[32m[0m[32m▲[0m[32m[0m [0m[m$fMonadIO[0m [0m[32m[0m[32m▲[0m[32m[0m [0m[32m[0m[32m▲[0m[32m[0m
                    [0m[31m([0m[0m[31m([0m[0m[m$[0m[0m[31m)[0m [0m[32m[0m[32m▲[0m[32m[0m [0m[32m[0m[32m▲[0m[32m[0m [0m[mputStrLn[0m
                       [0m[31m([0m[0m[31m([0m[0m[m++[0m[0m[31m)[0m [0m[32m[0m[32m▲[0m[32m[0m
                          [0m[31m([0m[0m[mshow[0m [0m[32m[0m[32m▲[0m[32m[0m [0m[m$fShowInt[0m [0m[mi[0m[0m[31m)[0m [0m[31m([0m[0m[munpackCString#[0m (" good."#)[0m[31m)[0m[0m[31m)[0m[0m[31m)[0m
                    [0m[31m([0m[0m[1;34mcase[0m [0m[31m([0m[0m[m==[0m[0m[31m)[0m [0m[32m[0m[32m▲[0m[32m[0m [0m[m$dEq[0m [0m[mh[0m [0m[mh''[0m [0m[1;34mof[0m [0m[mwild[0m
                       [0m[mFalse[0m [0m[31m[0m[31m→[0m[31m[0m
                         [0m[31m([0m[0m[m>>[0m[0m[31m)[0m [0m[32m[0m[32m▲[0m[32m[0m [0m[m$fMonadIO[0m [0m[32m[0m[32m▲[0m[32m[0m [0m[32m[0m[32m▲[0m[32m[0m
                           [0m[31m([0m[0m[mprint[0m [0m[32m[0m[32m▲[0m[32m[0m [0m[m$dShow[0m [0m[mh[0m[0m[31m)[0m [0m[31m([0m[0m[mprint[0m [0m[32m[0m[32m▲[0m[32m[0m [0m[m$dShow[0m [0m[mh''[0m[0m[31m)[0m
                       [0m[mTrue[0m [0m[31m[0m[31m→[0m[31m[0m
                         [0m[31m([0m[0m[m$[0m[0m[31m)[0m [0m[32m[0m[32m▲[0m[32m[0m [0m[32m[0m[32m▲[0m[32m[0m [0m[mputStrLn[0m
                           [0m[31m([0m[0m[31m([0m[0m[m++[0m[0m[31m)[0m [0m[32m[0m[32m▲[0m[32m[0m
                              [0m[31m([0m[0m[mshow[0m [0m[32m[0m[32m▲[0m[32m[0m [0m[m$fShowInt[0m [0m[mi[0m[0m[31m)[0m
                              [0m[31m([0m[0m[munpackCString#[0m (" wrap/unwrap good."#)[0m[31m)[0m[0m[31m)[0m[0m[31m)[0m[0m[31m)[0m
    [0m[mmain[0m [0m[31m=[0m [0m[mrunMainIO[0m [0m[32m[0m[32m▲[0m[32m[0m [0m[mmain[0m
