[0m[1;34mrec[0m [0m[mlast[0m [0m[31m[0m[31m∷[0m[31m[0m [0m[31m[0m[31m∀[0m[31m[0m [0m[32ma[0m [0m[31m.[0m [0m[32m[[0m[0m[32ma[0m[0m[32m][0m [0m[32m[0m[32m→[0m[32m[0m [0m[32ma[0m
    [0m[mlast[0m [0m[31m=[0m [0m[31m[0m[31mλ[0m[31m[0m [0m[32ma[0m [0m[mds[0m [0m[31m[0m[31m→[0m[31m[0m
      [0m[1;34mlet[0m [0m[1;34mrec[0m [0m[mwork[0m [0m[31m[0m[31m∷[0m[31m[0m [0m[32ma[0m [0m[32m[0m[32m→[0m[32m[0m [0m[32m[[0m[0m[32ma[0m[0m[32m][0m [0m[32m[0m[32m→[0m[32m[0m [0m[32ma[0m
              [0m[mwork[0m [0m[31m=[0m [0m[31m[0m[31mλ[0m[31m[0m [0m[mb[0m [0m[mbs[0m [0m[31m[0m[31m→[0m[31m[0m
                [0m[1;34mcase[0m [0m[mbs[0m [0m[1;34mof[0m [0m[mwild[0m
                  [0m[m[][0m [0m[31m[0m[31m→[0m[31m[0m [0m[mb[0m
                  [0m[31m([0m[0m[m:[0m[0m[31m)[0m [0m[ma[0m [0m[mas[0m [0m[31m[0m[31m→[0m[31m[0m [0m[mwork[0m [0m[ma[0m [0m[mas[0m
      [0m[1;34min[0m [0m[1;34mcase[0m [0m[mds[0m [0m[1;34mof[0m [0m[mwild[0m
           [0m[m[][0m [0m[31m[0m[31m→[0m[31m[0m [0m[merror[0m [0m[32ma[0m [0m[31m([0m[0m[munpackCString#[0m ("wrap _ []"#)[0m[31m)[0m
           [0m[31m([0m[0m[m:[0m[0m[31m)[0m [0m[ma[0m [0m[mas[0m [0m[31m[0m[31m→[0m[31m[0m [0m[mwork[0m [0m[ma[0m [0m[mas[0m
    [0m[munwrap[0m [0m[31m[0m[31m∷[0m[31m[0m [0m[31m[0m[31m∀[0m[31m[0m [0m[32ma[0m [0m[31m.[0m [0m[31m([0m[0m[32m[[0m[0m[32ma[0m[0m[32m][0m [0m[32m[0m[32m→[0m[32m[0m [0m[32ma[0m[0m[31m)[0m [0m[32m[0m[32m→[0m[32m[0m [0m[32ma[0m [0m[32m[0m[32m→[0m[32m[0m [0m[32m[[0m[0m[32ma[0m[0m[32m][0m [0m[32m[0m[32m→[0m[32m[0m [0m[32ma[0m
    [0m[munwrap[0m [0m[31m=[0m [0m[31m[0m[31mλ[0m[31m[0m [0m[32ma[0m [0m[mf[0m [0m[ma[0m [0m[mas[0m [0m[31m[0m[31m→[0m[31m[0m [0m[mf[0m [0m[31m([0m[0m[31m([0m[0m[m:[0m[0m[31m)[0m [0m[32ma[0m [0m[ma[0m [0m[mas[0m[0m[31m)[0m
    [0m[mwrap[0m [0m[31m[0m[31m∷[0m[31m[0m [0m[31m[0m[31m∀[0m[31m[0m [0m[32ma[0m [0m[31m.[0m [0m[31m([0m[0m[32ma[0m [0m[32m[0m[32m→[0m[32m[0m [0m[32m[[0m[0m[32ma[0m[0m[32m][0m [0m[32m[0m[32m→[0m[32m[0m [0m[32ma[0m[0m[31m)[0m [0m[32m[0m[32m→[0m[32m[0m [0m[32m[[0m[0m[32ma[0m[0m[32m][0m [0m[32m[0m[32m→[0m[32m[0m [0m[32ma[0m
    [0m[mwrap[0m [0m[31m=[0m [0m[31m[0m[31mλ[0m[31m[0m [0m[32ma[0m [0m[mf[0m [0m[mds[0m [0m[31m[0m[31m→[0m[31m[0m
      [0m[1;34mcase[0m [0m[mds[0m [0m[1;34mof[0m [0m[mwild[0m
        [0m[m[][0m [0m[31m[0m[31m→[0m[31m[0m [0m[merror[0m [0m[32ma[0m [0m[31m([0m[0m[munpackCString#[0m ("wrap _ []"#)[0m[31m)[0m
        [0m[31m([0m[0m[m:[0m[0m[31m)[0m [0m[ma[0m [0m[mas[0m [0m[31m[0m[31m→[0m[31m[0m [0m[mf[0m [0m[ma[0m [0m[mas[0m
    [0m[mmain[0m [0m[31m[0m[31m∷[0m[31m[0m [0m[32mIO[0m [0m[32m()[0m
    [0m[mmain[0m [0m[31m=[0m [0m[mprint[0m [0m[32mChar[0m [0m[m$fShowChar[0m [0m[31m([0m[0m[mlast[0m [0m[32mChar[0m [0m[31m([0m[0m[munpackCString#[0m "hello"#[0m[31m)[0m[0m[31m)[0m
    [0m[mmain[0m [0m[31m[0m[31m∷[0m[31m[0m [0m[32mIO[0m [0m[32m()[0m
    [0m[mmain[0m [0m[31m=[0m [0m[mrunMainIO[0m [0m[32m()[0m [0m[mmain[0m
