[0m[1;34mrec[0m [0m[msum[0m [0m[31m=[0m [0m[31m[0m[31mλ[0m[31m[0m [0m[mds[0m [0m[31m[0m[31m→[0m[31m[0m
      [0m[1;34mcase[0m [0m[mds[0m [0m[1;34mof[0m [0m[mwild[0m
        [0m[m[][0m [0m[31m[0m[31m→[0m[31m[0m [0m[mI#[0m 0
        [0m[31m([0m[0m[m:[0m[0m[31m)[0m [0m[mx[0m [0m[mxs[0m [0m[31m[0m[31m→[0m[31m[0m [0m[31m([0m[0m[m+[0m[0m[31m)[0m [0m[32m[0m[32m▲[0m[32m[0m [0m[m$fNumInt[0m [0m[mx[0m [0m[31m([0m[0m[msum[0m [0m[mxs[0m[0m[31m)[0m
[0m[1;34mrec[0m [0m[mlength[0m [0m[31m=[0m [0m[31m[0m[31mλ[0m[31m[0m [0m[mds[0m [0m[31m[0m[31m→[0m[31m[0m
      [0m[1;34mcase[0m [0m[mds[0m [0m[1;34mof[0m [0m[mwild[0m
        [0m[m[][0m [0m[31m[0m[31m→[0m[31m[0m [0m[mI#[0m 0
        [0m[31m([0m[0m[m:[0m[0m[31m)[0m [0m[mx[0m [0m[mxs[0m [0m[31m[0m[31m→[0m[31m[0m [0m[31m([0m[0m[m+[0m[0m[31m)[0m [0m[32m[0m[32m▲[0m[32m[0m [0m[m$fNumInt[0m [0m[31m([0m[0m[mI#[0m 1[0m[31m)[0m [0m[31m([0m[0m[mlength[0m [0m[mxs[0m[0m[31m)[0m
[0m[1;34mrec[0m [0m[msumlength[0m [0m[31m=[0m [0m[31m[0m[31mλ[0m[31m[0m [0m[mxs[0m [0m[31m[0m[31m→[0m[31m[0m
      [0m[1;34mcase[0m [0m[mxs[0m [0m[1;34mof[0m [0m[mxs[0m
        [0m[m[][0m [0m[31m[0m[31m→[0m[31m[0m [0m[m(,)[0m [0m[32m[0m[32m▲[0m[32m[0m [0m[32m[0m[32m▲[0m[32m[0m [0m[31m([0m[0m[mI#[0m 0[0m[31m)[0m [0m[31m([0m[0m[mI#[0m 0[0m[31m)[0m
        [0m[31m([0m[0m[m:[0m[0m[31m)[0m [0m[my[0m [0m[mys[0m [0m[31m[0m[31m→[0m[31m[0m
          [0m[1;34mcase[0m [0m[msumlength[0m [0m[mys[0m [0m[1;34mof[0m [0m[msl[0m
            [0m[m(,)[0m [0m[ms[0m [0m[ml[0m [0m[31m[0m[31m→[0m[31m[0m [0m[m(,)[0m [0m[32m[0m[32m▲[0m[32m[0m [0m[32m[0m[32m▲[0m[32m[0m [0m[31m([0m[0m[31m([0m[0m[m+[0m[0m[31m)[0m [0m[32m[0m[32m▲[0m[32m[0m [0m[m$fNumInt[0m [0m[my[0m [0m[ms[0m[0m[31m)[0m [0m[31m([0m[0m[31m([0m[0m[m+[0m[0m[31m)[0m [0m[32m[0m[32m▲[0m[32m[0m [0m[m$fNumInt[0m [0m[31m([0m[0m[mI#[0m 1[0m[31m)[0m [0m[ml[0m[0m[31m)[0m
[0m[mmean[0m [0m[31m=[0m [0m[31m[0m[31mλ[0m[31m[0m [0m[mxs[0m [0m[31m[0m[31m→[0m[31m[0m
  [0m[1;34mcase[0m [0m[msumlength[0m [0m[mxs[0m [0m[1;34mof[0m [0m[msl[0m
    [0m[m(,)[0m [0m[ms[0m [0m[ml[0m [0m[31m[0m[31m→[0m[31m[0m [0m[mdiv[0m [0m[32m[0m[32m▲[0m[32m[0m [0m[m$fIntegralInt[0m [0m[ms[0m [0m[ml[0m
[0m[mmain[0m [0m[31m=[0m
  [0m[31m([0m[0m[m$[0m[0m[31m)[0m [0m[32m[0m[32m▲[0m[32m[0m [0m[32m[0m[32m▲[0m[32m[0m
    [0m[31m([0m[0m[mprint[0m [0m[32m[0m[32m▲[0m[32m[0m [0m[m$fShowInt[0m[0m[31m)[0m [0m[31m([0m[0m[mmean[0m [0m[31m([0m[0m[menumFromTo[0m [0m[32m[0m[32m▲[0m[32m[0m [0m[m$fEnumInt[0m [0m[31m([0m[0m[mI#[0m 1[0m[31m)[0m [0m[31m([0m[0m[mI#[0m 10[0m[31m)[0m[0m[31m)[0m[0m[31m)[0m
[0m[mmain[0m [0m[31m=[0m [0m[mrunMainIO[0m [0m[32m[0m[32m▲[0m[32m[0m [0m[mmain[0m
