===================== Welcome to HERMIT ======================
HERMIT is a toolkit for the interactive transformation of GHC
core language programs. Documentation on HERMIT can be found
on the HERMIT web page at:
http://www.ittc.ku.edu/csdl/fpg/software/hermit.html

You have just loaded the interactive shell. To exit, type 
"abort" or "resume" to abort or resume GHC compilation.

Type "help" for instructions on how to list or search the
available HERMIT commands.

To get started, you could try the following:
  - type "binding-of 'foo", where "foo" is a function
    defined in the module;
  - type "set-pp-type Show" to display full type information;
  - type "info" for more information about the current node;
  - to descend into a child node, type the name of the child
    ("info" includes a list of children of the current node);
  - to ascend, use the "up" command;
  - type "log" to display an activity log.
==============================================================

[0m[1;34mrec[22m[0m[0m [0m[msum[0m[0m [0m[32m[32m∷[32m[0m[0m [0m[32m[[0m[0m[0m[32mInt[0m[0m[0m[32m][0m[0m [0m[32m[32m→[32m[0m[0m [0m[32mInt[0m[0m
    [0m[msum[0m[0m [0m[31m=[0m[0m [0m[31m[31mλ[31m[0m[0m [0m[mds[0m[0m [0m[31m[31m→[31m[0m[0m
      [0m[1;34mcase[22m[0m[0m [0m[0m[mds[0m[0m[0m [0m[1;34mof[22m[0m[0m [0m[mwild[0m[0m [0m[32mInt[0m[0m
        [0m[m[][0m[0m [0m[31m[31m→[31m[0m[0m [0m[mI#[0m[0m [0m0[0m
        [0m[31m([0m[0m[0m[m:[0m[0m[0m[31m)[0m[0m [0m[mx[0m[0m [0m[mxs[0m[0m [0m[31m[31m→[31m[0m[0m [0m[31m([0m[0m[0m[m+[0m[0m[0m[31m)[0m[0m [0m[32mInt[0m[0m [0m[m$fNumInt[0m[0m [0m[0m[mx[0m[0m[0m [0m[31m([0m[0m[0m[0m[msum[0m[0m[0m [0m[0m[mxs[0m[0m[0m[0m[31m)[0m[0m
[0m[1;34mrec[22m[0m[0m [0m[mlength[0m[0m [0m[32m[32m∷[32m[0m[0m [0m[32m[[0m[0m[0m[32mInt[0m[0m[0m[32m][0m[0m [0m[32m[32m→[32m[0m[0m [0m[32mInt[0m[0m
    [0m[mlength[0m[0m [0m[31m=[0m[0m [0m[31m[31mλ[31m[0m[0m [0m[mds[0m[0m [0m[31m[31m→[31m[0m[0m
      [0m[1;34mcase[22m[0m[0m [0m[0m[mds[0m[0m[0m [0m[1;34mof[22m[0m[0m [0m[mwild[0m[0m [0m[32mInt[0m[0m
        [0m[m[][0m[0m [0m[31m[31m→[31m[0m[0m [0m[mI#[0m[0m [0m0[0m
        [0m[31m([0m[0m[0m[m:[0m[0m[0m[31m)[0m[0m [0m[mx[0m[0m [0m[mxs[0m[0m [0m[31m[31m→[31m[0m[0m [0m[31m([0m[0m[0m[m+[0m[0m[0m[31m)[0m[0m [0m[32mInt[0m[0m [0m[m$fNumInt[0m[0m [0m[31m([0m[0m[0m[mI#[0m[0m [0m1[0m[0m[31m)[0m[0m [0m[31m([0m[0m[0m[0m[mlength[0m[0m[0m [0m[0m[mxs[0m[0m[0m[0m[31m)[0m[0m
[0m[1;34mrec[22m[0m[0m [0m[msumlength[0m[0m [0m[32m[32m∷[32m[0m[0m [0m[32m[[0m[0m[0m[32mInt[0m[0m[0m[32m][0m[0m [0m[32m[32m→[32m[0m[0m [0m[32m([0m[0m[0m[32mInt[0m[0m[0m[32m,[0m[0m [0m[32mInt[0m[0m[0m[32m)[0m[0m
    [0m[msumlength[0m[0m [0m[31m=[0m[0m [0m[31m[31mλ[31m[0m[0m [0m[mxs[0m[0m [0m[31m[31m→[31m[0m[0m
      [0m[1;34mcase[22m[0m[0m [0m[0m[mxs[0m[0m[0m [0m[1;34mof[22m[0m[0m [0m[mxs'[0m[0m [0m[32m([0m[0m[0m[32mInt[0m[0m[0m[32m,[0m[0m [0m[32mInt[0m[0m[0m[32m)[0m[0m
        [0m[m[][0m[0m [0m[31m[31m→[31m[0m[0m [0m[m(,)[0m[0m [0m[32mInt[0m[0m [0m[32mInt[0m[0m [0m[31m([0m[0m[0m[mI#[0m[0m [0m0[0m[0m[31m)[0m[0m [0m[31m([0m[0m[0m[mI#[0m[0m [0m0[0m[0m[31m)[0m[0m
        [0m[31m([0m[0m[0m[m:[0m[0m[0m[31m)[0m[0m [0m[my[0m[0m [0m[mys[0m[0m [0m[31m[31m→[31m[0m[0m
          [0m[1;34mcase[22m[0m[0m [0m[0m[msumlength[0m[0m[0m [0m[0m[mys[0m[0m[0m [0m[1;34mof[22m[0m[0m [0m[msl[0m[0m [0m[32m([0m[0m[0m[32mInt[0m[0m[0m[32m,[0m[0m [0m[32mInt[0m[0m[0m[32m)[0m[0m
            [0m[m(,)[0m[0m [0m[ms[0m[0m [0m[ml[0m[0m [0m[31m[31m→[31m[0m[0m
              [0m[m(,)[0m[0m [0m[32mInt[0m[0m [0m[32mInt[0m[0m [0m[31m([0m[0m[0m[31m([0m[0m[0m[m+[0m[0m[0m[31m)[0m[0m [0m[32mInt[0m[0m [0m[m$fNumInt[0m[0m [0m[0m[my[0m[0m[0m [0m[0m[ms[0m[0m[0m[0m[31m)[0m[0m [0m[31m([0m[0m[0m[31m([0m[0m[0m[m+[0m[0m[0m[31m)[0m[0m [0m[32mInt[0m[0m [0m[m$fNumInt[0m[0m [0m[31m([0m[0m[0m[mI#[0m[0m [0m1[0m[0m[31m)[0m[0m [0m[0m[ml[0m[0m[0m[0m[31m)[0m[0m
[0m[mmean[0m[0m [0m[32m[32m∷[32m[0m[0m [0m[32m[[0m[0m[0m[32mInt[0m[0m[0m[32m][0m[0m [0m[32m[32m→[32m[0m[0m [0m[32mInt[0m[0m
[0m[mmean[0m[0m [0m[31m=[0m[0m [0m[31m[31mλ[31m[0m[0m [0m[mxs[0m[0m [0m[31m[31m→[31m[0m[0m
  [0m[1;34mcase[22m[0m[0m [0m[0m[msumlength[0m[0m[0m [0m[0m[mxs[0m[0m[0m [0m[1;34mof[22m[0m[0m [0m[msl[0m[0m [0m[32mInt[0m[0m
    [0m[m(,)[0m[0m [0m[ms[0m[0m [0m[ml[0m[0m [0m[31m[31m→[31m[0m[0m [0m[mdiv[0m[0m [0m[32mInt[0m[0m [0m[m$fIntegralInt[0m[0m [0m[0m[ms[0m[0m[0m [0m[0m[ml[0m[0m[0m
[0m[mmain[0m[0m [0m[32m[32m∷[32m[0m[0m [0m[32mIO[0m[0m [0m[32m([0m[0m[0m[32m)[0m[0m
[0m[mmain[0m[0m [0m[31m=[0m[0m
  [0m[31m([0m[0m[0m[m$[0m[0m[0m[31m)[0m[0m [0m[32mInt[0m[0m [0m[31m([0m[0m[0m[32mIO[0m[0m [0m[32m([0m[0m[0m[32m)[0m[0m[0m[31m)[0m[0m [0m[31m([0m[0m[0m[mprint[0m[0m [0m[32mInt[0m[0m [0m[m$fShowInt[0m[0m[0m[31m)[0m[0m
      [0m[31m([0m[0m[0m[0m[mmean[0m[0m[0m [0m[31m([0m[0m[0m[menumFromTo[0m[0m [0m[32mInt[0m[0m [0m[m$fEnumInt[0m[0m [0m[31m([0m[0m[0m[mI#[0m[0m [0m1[0m[0m[31m)[0m[0m [0m[31m([0m[0m[0m[mI#[0m[0m [0m10[0m[0m[31m)[0m[0m[0m[31m)[0m[0m[0m[31m)[0m[0m
[0m[mmain[0m[0m [0m[32m[32m∷[32m[0m[0m [0m[32mIO[0m[0m [0m[32m([0m[0m[0m[32m)[0m[0m
[0m[mmain[0m[0m [0m[31m=[0m[0m [0m[mrunMainIO[0m[0m [0m[32m([0m[0m[0m[32m)[0m[0m [0m[0m[mmain[0m[0m[0m[0m
remembered-sumlen (Proven) (Used)
  [0m[31m[31m∀[31m[0m[0m [0m[mxs[0m[0m[0m[31m.[0m[0m [0m[7;93msumlength[27m[0m[0m [0m[0m[mxs[0m[0m[0m [31m=[0m [0m[m(,)[0m[0m [0m[32mInt[0m[0m [0m[32mInt[0m[0m [0m[31m([0m[0m[0m[7;93msum[27m[0m[0m [0m[0m[mxs[0m[0m[0m[0m[31m)[0m[0m [0m[31m([0m[0m[0m[7;93mlength[27m[0m[0m [0m[0m[mxs[0m[0m[0m[0m[31m)[0m[0m[0m
